ARM Linker, 4.1 [Build 481] [Standard]

==============================================================================

Section Cross References

    startup_stm32f10x_md.o(RESET) refers to startup_stm32f10x_md.o(STACK) for __initial_sp
    startup_stm32f10x_md.o(RESET) refers to startup_stm32f10x_md.o(.text) for Reset_Handler
    startup_stm32f10x_md.o(RESET) refers to bsp_timer.o(.text) for TIM1_UP_IRQHandler
    startup_stm32f10x_md.o(RESET) refers to bsp_ultrasonic.o(.text) for TIM2_IRQHandler
    startup_stm32f10x_md.o(RESET) refers to usart.o(.text) for USART1_IRQHandler
    startup_stm32f10x_md.o(.text) refers to system_stm32f10x.o(.text) for SystemInit
    startup_stm32f10x_md.o(.text) refers to entry.o(.ARM.Collect$$$$00000000) for __main
    system_stm32f10x.o(.text) refers to system_stm32f10x.o(.data) for SystemCoreClock
    delay.o(.text) refers to misc.o(.text) for SysTick_CLKSourceConfig
    delay.o(.text) refers to system_stm32f10x.o(.data) for SystemCoreClock
    delay.o(.text) refers to delay.o(.data) for fac_us
    usart.o(.text) refers to stm32f10x_rcc.o(.text) for RCC_APB2PeriphClockCmd
    usart.o(.text) refers to stm32f10x_gpio.o(.text) for GPIO_Init
    usart.o(.text) refers to misc.o(.text) for NVIC_Init
    usart.o(.text) refers to stm32f10x_usart.o(.text) for USART_Init
    usart.o(.text) refers to usart.o(.data) for USART_RX_STA
    usart.o(.text) refers to usart.o(.bss) for USART_RX_BUF
    main.o(.text) refers to bsp.o(.text) for bsp_init
    main.o(.text) refers to app_bluetooth.o(.text) for app_bluetooth_deal
    app_motor.o(.text) refers to stm32f10x_gpio.o(.text) for GPIO_SetBits
    app_motor.o(.text) refers to stm32f10x_tim.o(.text) for TIM_SetCompare2
    app_linewalking.o(.text) refers to bsp_linewalking.o(.text) for bsp_GetLineWalking
    app_linewalking.o(.text) refers to app_motor.o(.text) for Car_SpinLeft
    app_linewalking.o(.text) refers to delay.o(.text) for delay_ms
    app_iravoid.o(.text) refers to bsp_iravoid.o(.text) for bsp_GetIRavoid
    app_iravoid.o(.text) refers to app_motor.o(.text) for Car_SpinLeft
    app_iravoid.o(.text) refers to bsp_colorful.o(.text) for bsp_Colorful_Control
    app_iravoid.o(.text) refers to delay.o(.text) for delay_ms
    app_iravoid.o(.text) refers to bsp_servo.o(.data) for Angle_J1
    app_lightseeking.o(.text) refers to bsp_lightseeking.o(.text) for bsp_GetLightSeeking
    app_lightseeking.o(.text) refers to app_motor.o(.text) for Car_SpinRight
    app_ultrasonic.o(.text) refers to bsp_ultrasonic.o(.text) for bsp_getUltrasonicDistance
    app_ultrasonic.o(.text) refers to ffixi.o(.text) for __aeabi_f2iz
    app_ultrasonic.o(.text) refers to ffixui.o(.text) for __aeabi_f2uiz
    app_ultrasonic.o(.text) refers to app_motor.o(.text) for Car_Stop
    app_ultrasonic.o(.text) refers to delay.o(.text) for delay_ms
    app_ultrasonic.o(.text) refers to bsp_servo.o(.data) for Angle_J1
    app_bluetooth.o(.text) refers to bsp_ultrasonic.o(.text) for bsp_getUltrasonicDistance
    app_bluetooth.o(.text) refers to bsp_adc.o(.text) for Get_Battery_Volotage
    app_bluetooth.o(.text) refers to bsp_gs.o(.text) for Get_GS_Value
    app_bluetooth.o(.text) refers to bsp_linewalking.o(.text) for bsp_GetLineWalking_Data
    app_bluetooth.o(.text) refers to bsp_iravoid.o(.text) for bsp_GetIRavoid_Data
    app_bluetooth.o(.text) refers to bsp_lightseeking.o(.text) for bsp_GetLightSeeking
    app_bluetooth.o(.text) refers to f2d.o(.text) for __aeabi_f2d
    app_bluetooth.o(.text) refers to printfa.o(i.__0printf) for __2printf
    app_bluetooth.o(.text) refers to protocol.o(.text) for Protocol
    app_bluetooth.o(.text) refers to app_linewalking.o(.text) for app_LineWalking1
    app_bluetooth.o(.text) refers to app_ultrasonic.o(.text) for app_ultrasonic_mode
    app_bluetooth.o(.text) refers to app_colormode.o(.text) for app_colorMode
    app_bluetooth.o(.text) refers to app_lightseeking.o(.text) for app_LightSeeking
    app_bluetooth.o(.text) refers to app_iravoid.o(.text) for app_IRFollow
    app_bluetooth.o(.text) refers to usart.o(.data) for newLineReceived
    app_bluetooth.o(.text) refers to app_bluetooth.o(.data) for g_modeSelect
    app_bluetooth.o(.text) refers to bsp_timer.o(.data) for g_count
    app_buzzer.o(.text) refers to bsp_buzzer.o(.text) for Buzzer_Control
    app_buzzer.o(.text) refers to delay.o(.text) for delay_ms
    app_colormode.o(.text) refers to bsp_colorful.o(.text) for bsp_Colorful_RGB_PWM
    app_colormode.o(.text) refers to delay.o(.text) for delay_ms
    app_colormode.o(.text) refers to app_colormode.o(.data) for position
    app_colormode.o(.text) refers to bsp_servo.o(.data) for Angle_J1
    protocol.o(.text) refers to memcpya.o(.text) for __aeabi_memcpy
    protocol.o(.text) refers to memseta.o(.text) for __aeabi_memclr
    protocol.o(.text) refers to app_motor.o(.text) for Car_Stop
    protocol.o(.text) refers to app_buzzer.o(.text) for BeepOnOffMode
    protocol.o(.text) refers to atoi.o(.text) for atoi
[...]
    fadd.o(.text) refers to fepilogue.o(.text) for _float_epilogue
    fmul.o(.text) refers (Special) to iusefp.o(.text) for __I$use$fp
    fdiv.o(.text) refers (Special) to iusefp.o(.text) for __I$use$fp
    fdiv.o(.text) refers to fepilogue.o(.text) for _float_round
    dmul.o(.text) refers (Special) to iusefp.o(.text) for __I$use$fp
    dmul.o(.text) refers to depilogue.o(.text) for _double_epilogue
    ddiv.o(.text) refers (Special) to iusefp.o(.text) for __I$use$fp
    ddiv.o(.text) refers to depilogue.o(.text) for _double_round
    fflti.o(.text) refers (Special) to iusefp.o(.text) for __I$use$fp
    fflti.o(.text) refers to fepilogue.o(.text) for _float_epilogue
    ffltui.o(.text) refers (Special) to iusefp.o(.text) for __I$use$fp
    ffltui.o(.text) refers to fepilogue.o(.text) for _float_epilogue
    dfltui.o(.text) refers (Special) to iusefp.o(.text) for __I$use$fp
    dfltui.o(.text) refers to depilogue.o(.text) for _double_epilogue
    ffixi.o(.text) refers (Special) to iusefp.o(.text) for __I$use$fp
    ffixui.o(.text) refers (Special) to iusefp.o(.text) for __I$use$fp
    f2d.o(.text) refers (Special) to iusefp.o(.text) for __I$use$fp
    d2f.o(.text) refers (Special) to iusefp.o(.text) for __I$use$fp
    d2f.o(.text) refers to fepilogue.o(.text) for _float_round
    entry2.o(.ARM.Collect$$$$00000001) refers to entry2.o(.ARM.Collect$$$$00002712) for __lit__00000000
    entry2.o(.ARM.Collect$$$$00002712) refers to startup_stm32f10x_md.o(STACK) for __initial_sp
    entry2.o(__vectab_stack_and_reset_area) refers to startup_stm32f10x_md.o(STACK) for __initial_sp
    entry2.o(__vectab_stack_and_reset_area) refers to entry.o(.ARM.Collect$$$$00000000) for __main
    entry5.o(.ARM.Collect$$$$00000004) refers to init.o(.text) for __scatterload
    entry7.o(.ARM.Collect$$$$00000007) refers to main.o(.text) for main
    uldiv.o(.text) refers to llushr.o(.text) for __aeabi_llsr
    uldiv.o(.text) refers to llshl.o(.text) for __aeabi_llsl
    errno.o(i.__aeabi_errno_addr) refers to errno.o(.data) for .data
    errno.o(i.__read_errno) refers to errno.o(.data) for .data
    errno.o(i.__set_errno) refers to errno.o(.data) for .data
    strtol.o(.text) refers to ctype_o.o(.text) for __rt_ctype_table
    strtol.o(.text) refers to _strtoul.o(.text) for _strtoul
    strtol.o(.text) refers to errno.o(i.__aeabi_errno_addr) for __aeabi_errno_addr
    depilogue.o(.text) refers to llshl.o(.text) for __aeabi_llsl
    depilogue.o(.text) refers to llushr.o(.text) for __aeabi_llsr
    dadd.o(.text) refers to llshl.o(.text) for __aeabi_llsl
    dadd.o(.text) refers to llsshr.o(.text) for __aeabi_lasr
    dadd.o(.text) refers to depilogue.o(.text) for _double_epilogue
    dfixul.o(.text) refers to llushr.o(.text) for __aeabi_llsr
    dfixul.o(.text) refers to llshl.o(.text) for __aeabi_llsl
    init.o(.text) refers to entry5.o(.ARM.Collect$$$$00000004) for __main_after_scatterload
    ctype_o.o(.text) refers to ctype_o.o(.constdata) for .constdata
    ctype_o.o(.constdata) refers to ctype_o.o(.constdata) for __ctype_table
    isalnum_o.o(.text) refers to ctype_o.o(.text) for __rt_ctype_table
    isalpha_o.o(.text) refers to ctype_o.o(.text) for __rt_ctype_table
    isblank_o.o(.text) refers to ctype_o.o(.constdata) for __ctype_table
    iscntrl_o.o(.text) refers to ctype_o.o(.text) for __rt_ctype_table
    isdigit_o.o(.text) refers to ctype_o.o(.text) for __rt_ctype_table
    isgraph_o.o(.text) refers to ctype_o.o(.text) for __rt_ctype_table
    islower_o.o(.text) refers to ctype_o.o(.text) for __rt_ctype_table
    isprint_o.o(.text) refers to ctype_o.o(.text) for __rt_ctype_table
    ispunct_o.o(.text) refers to ctype_o.o(.text) for __rt_ctype_table
    isspace_o.o(.text) refers to ctype_o.o(.text) for __rt_ctype_table
    isupper_o.o(.text) refers to ctype_o.o(.text) for __rt_ctype_table
    isxdigit_o.o(.text) refers to ctype_o.o(.text) for __rt_ctype_table
    _strtoul.o(.text) refers to _chval.o(.text) for _chval
    _strtoul.o(.text) refers to errno.o(i.__aeabi_errno_addr) for __aeabi_errno_addr


==============================================================================

Removing Unused input sections from the image.

    Removing startup_stm32f10x_md.o(HEAP), (512 bytes).
    Removing bsp_servo.o(.text), (456 bytes).
    Removing stm32f10x_can.o(.text), (2580 bytes).
    Removing stm32f10x_cec.o(.text), (312 bytes).
    Removing stm32f10x_crc.o(.text), (72 bytes).
    Removing stm32f10x_dac.o(.text), (424 bytes).
    Removing stm32f10x_dbgmcu.o(.text), (48 bytes).
    Removing stm32f10x_dma.o(.text), (584 bytes).
    Removing stm32f10x_exti.o(.text), (316 bytes).
    Removing stm32f10x_flash.o(.text), (1480 bytes).
    Removing stm32f10x_fsmc.o(.text), (1560 bytes).
    Removing stm32f10x_i2c.o(.text), (1008 bytes).
    Removing stm32f10x_iwdg.o(.text), (64 bytes).
    Removing stm32f10x_rtc.o(.text), (376 bytes).
    Removing stm32f10x_sdio.o(.text), (472 bytes).
    Removing stm32f10x_spi.o(.text), (784 bytes).
    Removing stm32f10x_wwdg.o(.text), (136 bytes).

17 unused section(s) (total 11184 bytes) removed from the image.

==============================================================================

Image Symbol Table

    Local Symbols

    Symbol Name                              Value     Ov Type        Size  Object(Section)

    ../../microlib/ctype/ctype.c             0x00000000   Number         0  isspace_o.o ABSOLUTE
    ../../microlib/ctype/ctype.c             0x00000000   Number         0  isalpha_o.o ABSOLUTE
    ../../microlib/ctype/ctype.c             0x00000000   Number         0  iscntrl_o.o ABSOLUTE
    ../../microlib/ctype/ctype.c             0x00000000   Number         0  isblank_o.o ABSOLUTE
    ../../microlib/ctype/ctype.c             0x00000000   Number         0  isxdigit_o.o ABSOLUTE
    ../../microlib/ctype/ctype.c             0x00000000   Number         0  isupper_o.o ABSOLUTE
    ../../microlib/ctype/ctype.c             0x00000000   Number         0  isdigit_o.o ABSOLUTE
    ../../microlib/ctype/ctype.c             0x00000000   Number         0  ispunct_o.o ABSOLUTE
    ../../microlib/ctype/ctype.c             0x00000000   Number         0  isprint_o.o ABSOLUTE
    ../../microlib/ctype/ctype.c             0x00000000   Number         0  islower_o.o ABSOLUTE
    ../../microlib/ctype/ctype.c             0x00000000   Number         0  isgraph_o.o ABSOLUTE
    ../../microlib/ctype/ctype.c             0x00000000   Number         0  ctype_o.o ABSOLUTE
    ../../microlib/ctype/ctype.c             0x00000000   Number         0  isalnum_o.o ABSOLUTE
    ../../microlib/d2f.c                     0x00000000   Number         0  d2f.o ABSOLUTE
    ../../microlib/division.c                0x00000000   Number         0  uldiv.o ABSOLUTE
    ../../microlib/division.c                0x00000000   Number         0  uidiv.o ABSOLUTE
    ../../microlib/errno.c                   0x00000000   Number         0  errno.o ABSOLUTE
    ../../microlib/f2d.c                     0x00000000   Number         0  f2d.o ABSOLUTE
    ../../microlib/fpadd.c                   0x00000000   Number         0  dadd.o ABSOLUTE
    ../../microlib/fpadd.c                   0x00000000   Number         0  fadd.o ABSOLUTE
    ../../microlib/fpdiv.c                   0x00000000   Number         0  fdiv.o ABSOLUTE
    ../../microlib/fpdiv.c                   0x00000000   Number         0  ddiv.o ABSOLUTE
    ../../microlib/fpepilogue.c              0x00000000   Number         0  depilogue.o ABSOLUTE
    ../../microlib/fpepilogue.c              0x00000000   Number         0  fepilogue.o ABSOLUTE
    ../../microlib/fpfix.c                   0x00000000   Number         0  dfixul.o ABSOLUTE
    ../../microlib/fpfix.c                   0x00000000   Number         0  ffixi.o ABSOLUTE
    ../../microlib/fpfix.c                   0x00000000   Number         0  ffixui.o ABSOLUTE
    ../../microlib/fpflt.c                   0x00000000   Number         0  fflti.o ABSOLUTE
    ../../microlib/fpflt.c                   0x00000000   Number         0  ffltui.o ABSOLUTE
    ../../microlib/fpflt.c                   0x00000000   Number         0  dfltui.o ABSOLUTE
    ../../microlib/fpmul.c                   0x00000000   Number         0  dmul.o ABSOLUTE
    ../../microlib/fpmul.c                   0x00000000   Number         0  fmul.o ABSOLUTE
    ../../microlib/init/entry.s              0x00000000   Number         0  entry.o ABSOLUTE
    ../../microlib/init/entry.s              0x00000000   Number         0  entry7.o ABSOLUTE
    ../../microlib/init/entry.s              0x00000000   Number         0  entry5.o ABSOLUTE
    ../../microlib/init/entry.s              0x00000000   Number         0  entry2.o ABSOLUTE
    ../../microlib/longlong.c                0x00000000   Number         0  llushr.o ABSOLUTE
    ../../microlib/longlong.c                0x00000000   Number         0  llsshr.o ABSOLUTE
    ../../microlib/longlong.c                0x00000000   Number         0  llshl.o ABSOLUTE
    ../../microlib/printf/printf.c           0x00000000   Number         0  printf5.o ABSOLUTE
    ../../microlib/printf/printf.c           0x00000000   Number         0  printf6.o ABSOLUTE
    ../../microlib/printf/printf.c           0x00000000   Number         0  printf7.o ABSOLUTE
    ../../microlib/printf/printf.c           0x00000000   Number         0  printf8.o ABSOLUTE
    ../../microlib/printf/printf.c           0x00000000   Number         0  printf2.o ABSOLUTE
    ../../microlib/printf/printf.c           0x00000000   Number         0  printfa.o ABSOLUTE
    ../../microlib/printf/printf.c           0x00000000   Number         0  printf4.o ABSOLUTE
    ../../microlib/printf/printf.c           0x00000000   Number         0  printf3.o ABSOLUTE
    ../../microlib/printf/printf.c           0x00000000   Number         0  printf1.o ABSOLUTE
    ../../microlib/printf/printf.c           0x00000000   Number         0  printf0.o ABSOLUTE
    ../../microlib/printf/printf.c           0x00000000   Number         0  printfb.o ABSOLUTE
    ../../microlib/printf/stubs.s            0x00000000   Number         0  stubs.o ABSOLUTE
    ../../microlib/string/memcpy.c           0x00000000   Number         0  memcpyb.o ABSOLUTE
    ../../microlib/string/memcpy.c           0x00000000   Number         0  memcpya.o ABSOLUTE
    ../../microlib/string/memset.c           0x00000000   Number         0  memseta.o ABSOLUTE
    ../../microlib/stubs.s                   0x00000000   Number         0  useno.o ABSOLUTE
    ../../microlib/stubs.s                   0x00000000   Number         0  iusefp.o ABSOLUTE
    ../../scanf.c                            0x00000000   Number         0  atoi.o ABSOLUTE
    ../../scanf.c                            0x00000000   Number         0  strtol.o ABSOLUTE
    ../../scanf.c                            0x00000000   Number         0  _strtoul.o ABSOLUTE
    ../../scanf.c                            0x00000000   Number         0  _chval.o ABSOLUTE
    Source\APP\app_bluetooth.c               0x00000000   Number         0  app_bluetooth.o ABSOLUTE
    Source\APP\app_buzzer.c                  0x00000000   Number         0  app_buzzer.o ABSOLUTE
    Source\APP\app_colormode.c               0x00000000   Number         0  app_colormode.o ABSOLUTE
    Source\APP\app_iravoid.c                 0x00000000   Number         0  app_iravoid.o ABSOLUTE
    Source\APP\app_lightseeking.c            0x00000000   Number         0  app_lightseeking.o ABSOLUTE
    Source\APP\app_linewalking.c             0x00000000   Number         0  app_linewalking.o ABSOLUTE
    Source\APP\app_motor.c                   0x00000000   Number         0  app_motor.o ABSOLUTE
    Source\APP\app_ultrasonic.c              0x00000000   Number         0  app_ultrasonic.o ABSOLUTE
    Source\APP\main.c                        0x00000000   Number         0  main.o ABSOLUTE
    Source\BSP\bsp.c                         0x00000000   Number         0  bsp.o ABSOLUTE
    Source\BSP\bsp_adc.c                     0x00000000   Number         0  bsp_adc.o ABSOLUTE
    Source\BSP\bsp_buzzer.c                  0x00000000   Number         0  bsp_buzzer.o ABSOLUTE
    Source\BSP\bsp_colorful.c                0x00000000   Number         0  bsp_colorful.o ABSOLUTE
    Source\BSP\bsp_fire.c                    0x00000000   Number         0  bsp_fire.o ABSOLUTE
    Source\BSP\bsp_gpio.c                    0x00000000   Number         0  bsp_gpio.o ABSOLUTE
    Source\BSP\bsp_gs.c                      0x00000000   Number         0  bsp_gs.o ABSOLUTE
    Source\BSP\bsp_iravoid.c                 0x00000000   Number         0  bsp_iravoid.o ABSOLUTE
    Source\BSP\bsp_lightseeking.c            0x00000000   Number         0  bsp_lightseeking.o ABSOLUTE
    Source\BSP\bsp_linewalking.c             0x00000000   Number         0  bsp_linewalking.o ABSOLUTE
    Source\BSP\bsp_motor.c                   0x00000000   Number         0  bsp_motor.o ABSOLUTE
    Source\BSP\bsp_servo.c                   0x00000000   Number         0  bsp_servo.o ABSOLUTE
    Source\BSP\bsp_timer.c                   0x00000000   Number         0  bsp_timer.o ABSOLUTE
    Source\BSP\bsp_ultrasonic.c              0x00000000   Number         0  bsp_ultrasonic.o ABSOLUTE
    Source\CMSIS\startup\startup_stm32f10x_md.s 0x00000000   Number         0  startup_stm32f10x_md.o ABSOLUTE
    Source\CMSIS\system_stm32f10x.c          0x00000000   Number         0  system_stm32f10x.o ABSOLUTE
    Source\FWlib\src\misc.c                  0x00000000   Number         0  misc.o ABSOLUTE
    Source\FWlib\src\stm32f10x_adc.c         0x00000000   Number         0  stm32f10x_adc.o ABSOLUTE
    Source\FWlib\src\stm32f10x_bkp.c         0x00000000   Number         0  stm32f10x_bkp.o ABSOLUTE
    Source\FWlib\src\stm32f10x_can.c         0x00000000   Number         0  stm32f10x_can.o ABSOLUTE
    Source\FWlib\src\stm32f10x_cec.c         0x00000000   Number         0  stm32f10x_cec.o ABSOLUTE
    Source\FWlib\src\stm32f10x_crc.c         0x00000000   Number         0  stm32f10x_crc.o ABSOLUTE
    Source\FWlib\src\stm32f10x_dac.c         0x00000000   Number         0  stm32f10x_dac.o ABSOLUTE
    Source\FWlib\src\stm32f10x_dbgmcu.c      0x00000000   Number         0  stm32f10x_dbgmcu.o ABSOLUTE
    Source\FWlib\src\stm32f10x_dma.c         0x00000000   Number         0  stm32f10x_dma.o ABSOLUTE
    Source\FWlib\src\stm32f10x_exti.c        0x00000000   Number         0  stm32f10x_exti.o ABSOLUTE
    Source\FWlib\src\stm32f10x_flash.c       0x00000000   Number         0  stm32f10x_flash.o ABSOLUTE
    Source\FWlib\src\stm32f10x_fsmc.c        0x00000000   Number         0  stm32f10x_fsmc.o ABSOLUTE
    Source\FWlib\src\stm32f10x_gpio.c        0x00000000   Number         0  stm32f10x_gpio.o ABSOLUTE
    Source\FWlib\src\stm32f10x_i2c.c         0x00000000   Number         0  stm32f10x_i2c.o ABSOLUTE
    Source\FWlib\src\stm32f10x_iwdg.c        0x00000000   Number         0  stm32f10x_iwdg.o ABSOLUTE
    Source\FWlib\src\stm32f10x_pwr.c         0x00000000   Number         0  stm32f10x_pwr.o ABSOLUTE
    Source\FWlib\src\stm32f10x_rcc.c         0x00000000   Number         0  stm32f10x_rcc.o ABSOLUTE
    Source\FWlib\src\stm32f10x_rtc.c         0x00000000   Number         0  stm32f10x_rtc.o ABSOLUTE
    Source\FWlib\src\stm32f10x_sdio.c        0x00000000   Number         0  stm32f10x_sdio.o ABSOLUTE
    Source\FWlib\src\stm32f10x_spi.c         0x00000000   Number         0  stm32f10x_spi.o ABSOLUTE
    Source\FWlib\src\stm32f10x_tim.c         0x00000000   Number         0  stm32f10x_tim.o ABSOLUTE
    Source\FWlib\src\stm32f10x_usart.c       0x00000000   Number         0  stm32f10x_usart.o ABSOLUTE
    Source\FWlib\src\stm32f10x_wwdg.c        0x00000000   Number         0  stm32f10x_wwdg.o ABSOLUTE
    Source\PUBLIC\delay\delay.c              0x00000000   Number         0  delay.o ABSOLUTE
    Source\PUBLIC\sys\sys.c                  0x00000000   Number         0  sys.o ABSOLUTE
    Source\PUBLIC\usart\usart.c              0x00000000   Number         0  usart.o ABSOLUTE
    Source\Protocol\protocol.c               0x00000000   Number         0  protocol.o ABSOLUTE
    cdrcmple.s                               0x00000000   Number         0  cdrcmple.o ABSOLUTE
    dc.s                                     0x00000000   Number         0  dc.o ABSOLUTE
    handlers.s                               0x00000000   Number         0  handlers.o ABSOLUTE
    init.s                                   0x00000000   Number         0  init.o ABSOLUTE
    RESET                                    0x08000000   Section      236  startup_stm32f10x_md.o(RESET)
    .ARM.Collect$$$$00000000                 0x080000ec   Section        0  entry.o(.ARM.Collect$$$$00000000)
    .ARM.Collect$$$$00000001                 0x080000ec   Section        4  entry2.o(.ARM.Collect$$$$00000001)
    .ARM.Collect$$$$00000004                 0x080000f0   Section        4  entry5.o(.ARM.Collect$$$$00000004)
    .ARM.Collect$$$$00000007                 0x080000f4   Section        8  entry7.o(.ARM.Collect$$$$00000007)
    .ARM.Collect$$$$00002712                 0x080000fc   Section        4  entry2.o(.ARM.Collect$$$$00002712)
    __lit__00000000                          0x080000fc   Data           4  entry2.o(.ARM.Collect$$$$00002712)
    .text                                    0x08000100   Section       36  startup_stm32f10x_md.o(.text)
    .text                                    0x08000124   Section        0  system_stm32f10x.o(.text)
    SetSysClockTo72                          0x08000125   Thumb Code   192  system_stm32f10x.o(.text)
    SetSysClock                              0x080001e5   Thumb Code     8  system_stm32f10x.o(.text)
    .text                                    0x080002ec   Section        0  delay.o(.text)
    .text                                    0x080003b0   Section        0  usart.o(.text)
    .text                                    0x08000638   Section        0  main.o(.text)
    .text                                    0x08000644   Section        0  app_motor.o(.text)
    .text                                    0x080007e4   Section        0  app_linewalking.o(.text)
    .text                                    0x08000938   Section        0  app_iravoid.o(.text)
    .text                                    0x08000a80   Section        0  app_lightseeking.o(.text)
    .text                                    0x08000ae4   Section        0  app_ultrasonic.o(.text)
    .text                                    0x08000c00   Section        0  app_bluetooth.o(.text)
    .text                                    0x08000d1c   Section        0  app_buzzer.o(.text)
    .text                                    0x08000da0   Section        0  app_colormode.o(.text)
    .text                                    0x08000f10   Section        0  protocol.o(.text)
    .text                                    0x08001408   Section        0  bsp.o(.text)
    .text                                    0x08001498   Section        0  bsp_gpio.o(.text)
    .text                                    0x0800176c   Section        0  bsp_motor.o(.text)
    .text                                    0x08001860   Section        0  bsp_timer.o(.text)
    .text                                    0x08001944   Section        0  bsp_colorful.o(.text)
    .text                                    0x08001b84   Section        0  bsp_linewalking.o(.text)
    .text                                    0x08001c3c   Section        0  bsp_iravoid.o(.text)
    .text                                    0x08001c8c   Section        0  bsp_lightseeking.o(.text)
    .text                                    0x08001cb0   Section        0  bsp_ultrasonic.o(.text)
    .text                                    0x08001e34   Section        0  bsp_adc.o(.text)
    Get_Adc                                  0x08001ec9   Thumb Code    46  bsp_adc.o(.text)
    Get_Adc_Average                          0x08001ef7   Thumb Code    46  bsp_adc.o(.text)
    Get_Measure_Volotage                     0x08001f25   Thumb Code    52  bsp_adc.o(.text)
    .text                                    0x08001f84   Section        0  bsp_buzzer.o(.text)
    .text                                    0x08001fa8   Section        0  bsp_fire.o(.text)
    .text                                    0x08001fcc   Section        0  bsp_gs.o(.text)
    Get_Adc                                  0x08001fcf   Thumb Code    46  bsp_gs.o(.text)
    Get_Adc_Average                          0x08001ffd   Thumb Code    46  bsp_gs.o(.text)
    .text                                    0x08002060   Section        0  misc.o(.text)
    .text                                    0x08002158   Section        0  stm32f10x_adc.o(.text)
    .text                                    0x08002598   Section        0  stm32f10x_bkp.o(.text)
    .text                                    0x0800265c   Section        0  stm32f10x_gpio.o(.text)
    .text                                    0x080029b4   Section        0  stm32f10x_pwr.o(.text)
    .text                                    0x08002a8c   Section        0  stm32f10x_rcc.o(.text)
    .text                                    0x08002e30   Section        0  stm32f10x_tim.o(.text)
    TI4_Config                               0x080032b9   Thumb Code   118  stm32f10x_tim.o(.text)
    TI3_Config                               0x08003341   Thumb Code   114  stm32f10x_tim.o(.text)
    TI2_Config                               0x080033c9   Thumb Code   118  stm32f10x_tim.o(.text)
    TI1_Config                               0x08003451   Thumb Code   106  stm32f10x_tim.o(.text)
    .text                                    0x08003be0   Section        0  stm32f10x_usart.o(.text)
    .text                                    0x08003fec   Section        0  memcpya.o(.text)
    .text                                    0x08004010   Section        0  memseta.o(.text)
    .text                                    0x08004036   Section        0  atoi.o(.text)
    .text                                    0x08004050   Section        0  fadd.o(.text)
    .text                                    0x08004100   Section        0  fmul.o(.text)
    .text                                    0x0800416c   Section        0  fdiv.o(.text)
    .text                                    0x080041ec   Section        0  dmul.o(.text)
    .text                                    0x080042ce   Section        0  ddiv.o(.text)
    .text                                    0x080043ac   Section        0  fflti.o(.text)
    .text                                    0x080043be   Section        0  ffltui.o(.text)
    .text                                    0x080043c8   Section        0  dfltui.o(.text)
    .text                                    0x080043e2   Section        0  ffixi.o(.text)
    .text                                    0x08004414   Section        0  ffixui.o(.text)
    .text                                    0x0800443c   Section        0  f2d.o(.text)
    .text                                    0x08004468   Section        0  d2f.o(.text)
    .text                                    0x080044a0   Section        0  uidiv.o(.text)
    .text                                    0x080044cc   Section        0  uldiv.o(.text)
    .text                                    0x08004532   Section        0  strtol.o(.text)
    .text                                    0x080045a2   Section        0  iusefp.o(.text)
    .text                                    0x080045a2   Section        0  fepilogue.o(.text)
    .text                                    0x08004612   Section        0  depilogue.o(.text)
    .text                                    0x080046d4   Section        0  dadd.o(.text)
    .text                                    0x0800481e   Section        0  dfixul.o(.text)
    .text                                    0x08004850   Section       40  cdrcmple.o(.text)
    .text                                    0x08004878   Section       36  init.o(.text)
    .text                                    0x0800489c   Section        0  llshl.o(.text)
    .text                                    0x080048ba   Section        0  llushr.o(.text)
    .text                                    0x080048da   Section        0  llsshr.o(.text)
    .text                                    0x08004900   Section        0  ctype_o.o(.text)
    .text                                    0x08004908   Section        0  _strtoul.o(.text)
    .text                                    0x080049a4   Section        0  _chval.o(.text)
    i.__0printf                              0x080049c4   Section        0  printfa.o(i.__0printf)
    i.__aeabi_errno_addr                     0x080049e4   Section        0  errno.o(i.__aeabi_errno_addr)
    i.__scatterload_copy                     0x080049ec   Section       14  handlers.o(i.__scatterload_copy)
    i.__scatterload_null                     0x080049fa   Section        2  handlers.o(i.__scatterload_null)
    i.__scatterload_zeroinit                 0x080049fc   Section       14  handlers.o(i.__scatterload_zeroinit)
    i._fp_digits                             0x08004a0c   Section        0  printfa.o(i._fp_digits)
    _fp_digits                               0x08004a0d   Thumb Code   318  printfa.o(i._fp_digits)
    i._printf_core                           0x08004b60   Section        0  printfa.o(i._printf_core)
    _printf_core                             0x08004b61   Thumb Code  1734  printfa.o(i._printf_core)
    i._printf_post_padding                   0x08005234   Section        0  printfa.o(i._printf_post_padding)
    _printf_post_padding                     0x08005235   Thumb Code    38  printfa.o(i._printf_post_padding)
    i._printf_pre_padding                    0x0800525a   Section        0  printfa.o(i._printf_pre_padding)
    _printf_pre_padding                      0x0800525b   Thumb Code    46  printfa.o(i._printf_pre_padding)
    .constdata                               0x08005288   Section      129  ctype_o.o(.constdata)
    .constdata                               0x0800530c   Section        4  ctype_o.o(.constdata)
    table                                    0x0800530c   Data           4  ctype_o.o(.constdata)
    .data                                    0x20000000   Section       20  system_stm32f10x.o(.data)
    .data                                    0x20000014   Section        4  delay.o(.data)
    fac_us                                   0x20000014   Data           1  delay.o(.data)
    fac_ms                                   0x20000016   Data           2  delay.o(.data)
    .data                                    0x20000018   Section       20  usart.o(.data)
    .data                                    0x2000002c   Section        5  app_bluetooth.o(.data)
    .data                                    0x20000034   Section        4  app_colormode.o(.data)
    .data                                    0x20000038   Section        9  protocol.o(.data)
    .data                                    0x20000044   Section       24  bsp_servo.o(.data)
    .data                                    0x2000005c   Section        8  bsp_timer.o(.data)
    .data                                    0x20000064   Section        4  bsp_ultrasonic.o(.data)
    .data                                    0x20000068   Section       20  stm32f10x_rcc.o(.data)
    APBAHBPrescTable                         0x20000068   Data          16  stm32f10x_rcc.o(.data)
    ADCPrescTable                            0x20000078   Data           4  stm32f10x_rcc.o(.data)
    .data                                    0x2000007c   Section        4  errno.o(.data)
    _errno                                   0x2000007c   Data           4  errno.o(.data)
    .bss                                     0x20000080   Section      280  usart.o(.bss)
    .bss                                     0x20000198   Section       80  protocol.o(.bss)
    STACK                                    0x200001e8   Section     1024  startup_stm32f10x_md.o(STACK)

    Global Symbols

    Symbol Name                              Value     Ov Type        Size  Object(Section)

    BuildAttributes$$THM_ISAv4$P$D$K$B$S$PE$A:L22UL41UL21$X:L11$S22US41US21$IEEE1$IW$USESV6$~STKCKD$USESV7$~SHL$OTIME$ROPI$EBA8$MICROLIB$REQ8$PRES8$EABIv2 0x00000000   Number         0  anon$$obj.o ABSOLUTE
    __ARM_use_no_argv                        0x00000000   Number         0  main.o ABSOLUTE
    __use_no_errno                           0x00000000   Number         0  useno.o ABSOLUTE
    __use_no_exception_handling              0x00000000   Number         0  useno.o ABSOLUTE
    __use_no_fp                              0x00000000   Number         0  useno.o ABSOLUTE
    __use_no_heap                            0x00000000   Number         0  useno.o ABSOLUTE
    __use_no_heap_region                     0x00000000   Number         0  useno.o ABSOLUTE
    __use_no_semihosting                     0x00000000   Number         0  useno.o ABSOLUTE
    __use_no_semihosting_swi                 0x00000000   Number         0  useno.o ABSOLUTE
    __use_no_signal_handling                 0x00000000   Number         0  useno.o ABSOLUTE
    _printf_a                                0x00000000   Number         0  stubs.o ABSOLUTE
    _printf_c                                0x00000000   Number         0  stubs.o ABSOLUTE
    _printf_charcount                        0x00000000   Number         0  stubs.o ABSOLUTE
    _printf_d                                0x00000000   Number         0  stubs.o ABSOLUTE
    _printf_e                                0x00000000   Number         0  stubs.o ABSOLUTE
    _printf_f                                0x00000000   Number         0  stubs.o ABSOLUTE
    _printf_flags                            0x00000000   Number         0  stubs.o ABSOLUTE
    _printf_fp_dec                           0x00000000   Number         0  stubs.o ABSOLUTE
    _printf_fp_hex                           0x00000000   Number         0  stubs.o ABSOLUTE
    _printf_g                                0x00000000   Number         0  stubs.o ABSOLUTE
    _printf_i                                0x00000000   Number         0  stubs.o ABSOLUTE
    _printf_int_dec                          0x00000000   Number         0  stubs.o ABSOLUTE
    _printf_l                                0x00000000   Number         0  stubs.o ABSOLUTE
    _printf_lc                               0x00000000   Number         0  stubs.o ABSOLUTE
    _printf_ll                               0x00000000   Number         0  stubs.o ABSOLUTE
    _printf_lld                              0x00000000   Number         0  stubs.o ABSOLUTE
    _printf_lli                              0x00000000   Number         0  stubs.o ABSOLUTE
    _printf_llo                              0x00000000   Number         0  stubs.o ABSOLUTE
    _printf_llu                              0x00000000   Number         0  stubs.o ABSOLUTE
    _printf_llx                              0x00000000   Number         0  stubs.o ABSOLUTE
    _printf_longlong_dec                     0x00000000   Number         0  stubs.o ABSOLUTE
    _printf_longlong_hex                     0x00000000   Number         0  stubs.o ABSOLUTE
    _printf_longlong_oct                     0x00000000   Number         0  stubs.o ABSOLUTE
    _printf_ls                               0x00000000   Number         0  stubs.o ABSOLUTE
    _printf_mbtowc                           0x00000000   Number         0  stubs.o ABSOLUTE
    _printf_n                                0x00000000   Number         0  stubs.o ABSOLUTE
    _printf_o                                0x00000000   Number         0  stubs.o ABSOLUTE
    _printf_p                                0x00000000   Number         0  stubs.o ABSOLUTE
    _printf_percent                          0x00000000   Number         0  stubs.o ABSOLUTE
    _printf_pre_padding                      0x00000000   Number         0  stubs.o ABSOLUTE
    _printf_return_value                     0x00000000   Number         0  stubs.o ABSOLUTE
    _printf_s                                0x00000000   Number         0  stubs.o ABSOLUTE
    _printf_sizespec                         0x00000000   Number         0  stubs.o ABSOLUTE
    _printf_str                              0x00000000   Number         0  stubs.o ABSOLUTE
    _printf_truncate_signed                  0x00000000   Number         0  stubs.o ABSOLUTE
    _printf_truncate_unsigned                0x00000000   Number         0  stubs.o ABSOLUTE
    _printf_u                                0x00000000   Number         0  stubs.o ABSOLUTE
    _printf_wc                               0x00000000   Number         0  stubs.o ABSOLUTE
    _printf_wctomb                           0x00000000   Number         0  stubs.o ABSOLUTE
    _printf_widthprec                        0x00000000   Number         0  stubs.o ABSOLUTE
    _printf_x                                0x00000000   Number         0  stubs.o ABSOLUTE
    __decompress                              - Undefined Weak Reference
    __Vectors_Size                           0x000000ec   Number         0  startup_stm32f10x_md.o ABSOLUTE
    __Vectors                                0x08000000   Data           4  startup_stm32f10x_md.o(RESET)
    __Vectors_End                            0x080000ec   Data           0  startup_stm32f10x_md.o(RESET)
    __main                                   0x080000ed   Thumb Code     0  entry.o(.ARM.Collect$$$$00000000)
    _main_stk                                0x080000ed   Thumb Code     0  entry2.o(.ARM.Collect$$$$00000001)
    _main_scatterload                        0x080000f1   Thumb Code     0  entry5.o(.ARM.Collect$$$$00000004)
    __main_after_scatterload                 0x080000f5   Thumb Code     0  entry5.o(.ARM.Collect$$$$00000004)
    _main_init                               0x080000f5   Thumb Code     0  entry7.o(.ARM.Collect$$$$00000007)
    Reset_Handler                            0x08000101   Thumb Code     8  startup_stm32f10x_md.o(.text)
    NMI_Handler                              0x08000109   Thumb Code     2  startup_stm32f10x_md.o(.text)
    HardFault_Handler                        0x0800010b   Thumb Code     2  startup_stm32f10x_md.o(.text)
    MemManage_Handler                        0x0800010d   Thumb Code     2  startup_stm32f10x_md.o(.text)
    BusFault_Handler                         0x0800010f   Thumb Code     2  startup_stm32f10x_md.o(.text)
    UsageFault_Handler                       0x08000111   Thumb Code     2  startup_stm32f10x_md.o(.text)
    SVC_Handler                              0x08000113   Thumb Code     2  startup_stm32f10x_md.o(.text)
    DebugMon_Handler                         0x08000115   Thumb Code     2  startup_stm32f10x_md.o(.text)
    PendSV_Handler                           0x08000117   Thumb Code     2  startup_stm32f10x_md.o(.text)
    SysTick_Handler                          0x08000119   Thumb Code     2  startup_stm32f10x_md.o(.text)
    ADC1_2_IRQHandler                        0x0800011b   Thumb Code     0  startup_stm32f10x_md.o(.text)
    CAN1_RX1_IRQHandler                      0x0800011b   Thumb Code     0  startup_stm32f10x_md.o(.text)
    CAN1_SCE_IRQHandler                      0x0800011b   Thumb Code     0  startup_stm32f10x_md.o(.text)
    DMA1_Channel1_IRQHandler                 0x0800011b   Thumb Code     0  startup_stm32f10x_md.o(.text)
    DMA1_Channel2_IRQHandler                 0x0800011b   Thumb Code     0  startup_stm32f10x_md.o(.text)
    DMA1_Channel3_IRQHandler                 0x0800011b   Thumb Code     0  startup_stm32f10x_md.o(.text)
    DMA1_Channel4_IRQHandler                 0x0800011b   Thumb Code     0  startup_stm32f10x_md.o(.text)
    DMA1_Channel5_IRQHandler                 0x0800011b   Thumb Code     0  startup_stm32f10x_md.o(.text)
    DMA1_Channel6_IRQHandler                 0x0800011b   Thumb Code     0  startup_stm32f10x_md.o(.text)
    DMA1_Channel7_IRQHandler                 0x0800011b   Thumb Code     0  startup_stm32f10x_md.o(.text)
    EXTI0_IRQHandler                         0x0800011b   Thumb Code     0  startup_stm32f10x_md.o(.text)
    EXTI15_10_IRQHandler                     0x0800011b   Thumb Code     0  startup_stm32f10x_md.o(.text)
    EXTI1_IRQHandler                         0x0800011b   Thumb Code     0  startup_stm32f10x_md.o(.text)
    EXTI2_IRQHandler                         0x0800011b   Thumb Code     0  startup_stm32f10x_md.o(.text)
    EXTI3_IRQHandler                         0x0800011b   Thumb Code     0  startup_stm32f10x_md.o(.text)
    EXTI4_IRQHandler                         0x0800011b   Thumb Code     0  startup_stm32f10x_md.o(.text)
    EXTI9_5_IRQHandler                       0x0800011b   Thumb Code     0  startup_stm32f10x_md.o(.text)
    FLASH_IRQHandler                         0x0800011b   Thumb Code     0  startup_stm32f10x_md.o(.text)
    I2C1_ER_IRQHandler                       0x0800011b   Thumb Code     0  startup_stm32f10x_md.o(.text)
    I2C1_EV_IRQHandler                       0x0800011b   Thumb Code     0  startup_stm32f10x_md.o(.text)
    I2C2_ER_IRQHandler                       0x0800011b   Thumb Code     0  startup_stm32f10x_md.o(.text)
    I2C2_EV_IRQHandler                       0x0800011b   Thumb Code     0  startup_stm32f10x_md.o(.text)
    PVD_IRQHandler                           0x0800011b   Thumb Code     0  startup_stm32f10x_md.o(.text)
    RCC_IRQHandler                           0x0800011b   Thumb Code     0  startup_stm32f10x_md.o(.text)
    RTCAlarm_IRQHandler                      0x0800011b   Thumb Code     0  startup_stm32f10x_md.o(.text)
    RTC_IRQHandler                           0x0800011b   Thumb Code     0  startup_stm32f10x_md.o(.text)
    SPI1_IRQHandler                          0x0800011b   Thumb Code     0  startup_stm32f10x_md.o(.text)
    SPI2_IRQHandler                          0x0800011b   Thumb Code     0  startup_stm32f10x_md.o(.text)
    TAMPER_IRQHandler                        0x0800011b   Thumb Code     0  startup_stm32f10x_md.o(.text)
    TIM1_BRK_IRQHandler                      0x0800011b   Thumb Code     0  startup_stm32f10x_md.o(.text)
    TIM1_CC_IRQHandler                       0x0800011b   Thumb Code     0  startup_stm32f10x_md.o(.text)
    TIM1_TRG_COM_IRQHandler                  0x0800011b   Thumb Code     0  startup_stm32f10x_md.o(.text)
    TIM3_IRQHandler                          0x0800011b   Thumb Code     0  startup_stm32f10x_md.o(.text)
    TIM4_IRQHandler                          0x0800011b   Thumb Code     0  startup_stm32f10x_md.o(.text)
    USART3_IRQHandler                        0x0800011b   Thumb Code     0  startup_stm32f10x_md.o(.text)
    USBWakeUp_IRQHandler                     0x0800011b   Thumb Code     0  startup_stm32f10x_md.o(.text)
    USB_HP_CAN1_TX_IRQHandler                0x0800011b   Thumb Code     0  startup_stm32f10x_md.o(.text)
    USB_LP_CAN1_RX0_IRQHandler               0x0800011b   Thumb Code     0  startup_stm32f10x_md.o(.text)
    WWDG_IRQHandler                          0x0800011b   Thumb Code     0  startup_stm32f10x_md.o(.text)
    SystemInit                               0x080001ed   Thumb Code    78  system_stm32f10x.o(.text)
    SystemCoreClockUpdate                    0x0800023b   Thumb Code   142  system_stm32f10x.o(.text)
    delay_init                               0x080002ed   Thumb Code    40  delay.o(.text)
    delay_us                                 0x08000315   Thumb Code    70  delay.o(.text)
    delay_ms                                 0x0800035b   Thumb Code    70  delay.o(.text)
    _sys_exit                                0x080003b1   Thumb Code     6  usart.o(.text)
    fputc                                    0x080003b7   Thumb Code    20  usart.o(.text)
    Uart1_init                               0x080003cb   Thumb Code   152  usart.o(.text)
    Uart2_init                               0x08000463   Thumb Code   154  usart.o(.text)
    USART1_IRQHandler                        0x080004fd   Thumb Code   122  usart.o(.text)
    USART2_IRQHandler                        0x08000577   Thumb Code   148  usart.o(.text)
    main                                     0x08000639   Thumb Code    12  main.o(.text)
    Car_Run                                  0x08000645   Thumb Code    58  app_motor.o(.text)
    Car_Back                                 0x0800067f   Thumb Code    58  app_motor.o(.text)
    Car_Left                                 0x080006b9   Thumb Code    58  app_motor.o(.text)
    Car_Right                                0x080006f3   Thumb Code    58  app_motor.o(.text)
    Car_Stop                                 0x0800072d   Thumb Code    56  app_motor.o(.text)
    Car_SpinLeft                             0x08000765   Thumb Code    60  app_motor.o(.text)
    Car_SpinRight                            0x080007a1   Thumb Code    60  app_motor.o(.text)
    app_LineWalking                          0x080007e5   Thumb Code   186  app_linewalking.o(.text)
    app_LineWalking1                         0x0800089f   Thumb Code   154  app_linewalking.o(.text)
    app_IRAvoid                              0x08000939   Thumb Code   174  app_iravoid.o(.text)
    app_IRFollow                             0x080009e7   Thumb Code   150  app_iravoid.o(.text)
    app_LightSeeking                         0x08000a81   Thumb Code   100  app_lightseeking.o(.text)
    app_ultrasonic_mode                      0x08000ae5   Thumb Code    84  app_ultrasonic.o(.text)
    app_ultrasonic_servo_mode                0x08000b39   Thumb Code   194  app_ultrasonic.o(.text)
    serial_data_postback                     0x08000c01   Thumb Code   112  app_bluetooth.o(.text)
    app_bluetooth_deal                       0x08000c71   Thumb Code   102  app_bluetooth.o(.text)
    whistle                                  0x08000d1d   Thumb Code    52  app_buzzer.o(.text)
    BeepOnOffMode                            0x08000d51   Thumb Code    24  app_buzzer.o(.text)
    ModeBEEP                                 0x08000d69   Thumb Code    54  app_buzzer.o(.text)
    app_colorMode                            0x08000da1   Thumb Code   360  app_colormode.o(.text)
    StringFind                               0x08000f11   Thumb Code    76  protocol.o(.text)
    ProtocolCpyData                          0x08000f5d   Thumb Code    26  protocol.o(.text)
    Protocol                                 0x08000f77   Thumb Code  1166  protocol.o(.text)
    bsp_init                                 0x08001409   Thumb Code   128  bsp.o(.text)
    MOTOR_GPIO_Init                          0x08001499   Thumb Code    66  bsp_gpio.o(.text)
    Servo_GPIO_Init                          0x080014db   Thumb Code    40  bsp_gpio.o(.text)
    Colorful_GPIO_Init                       0x08001503   Thumb Code   106  bsp_gpio.o(.text)
    LineWalking_GPIO_Init                    0x0800156d   Thumb Code   172  bsp_gpio.o(.text)
    IRAvoid_GPIO_Init                        0x08001619   Thumb Code    72  bsp_gpio.o(.text)
    LightSeeking_GPIO_Init                   0x08001661   Thumb Code    80  bsp_gpio.o(.text)
    Ultrasonic_GPIO_Init                     0x080016b1   Thumb Code    94  bsp_gpio.o(.text)
    Buzzer_GPIO_Init                         0x0800170f   Thumb Code    38  bsp_gpio.o(.text)
    Fire_GPIO_Init                           0x08001735   Thumb Code    38  bsp_gpio.o(.text)
    Motor_PWM_Init                           0x0800176d   Thumb Code   236  bsp_motor.o(.text)
    TIM1_Int_Init                            0x08001861   Thumb Code    98  bsp_timer.o(.text)
    TIM1_UP_IRQHandler                       0x080018c3   Thumb Code   110  bsp_timer.o(.text)
    bsp_Colorful_Control                     0x08001945   Thumb Code    76  bsp_colorful.o(.text)
    Colorful_PWM_Init                        0x08001991   Thumb Code   366  bsp_colorful.o(.text)
    bsp_Colorful_RGB_PWM                     0x08001aff   Thumb Code   116  bsp_colorful.o(.text)
    bsp_GetLineWalking                       0x08001b85   Thumb Code    64  bsp_linewalking.o(.text)
    bsp_GetLineWalking_Data                  0x08001bc5   Thumb Code   110  bsp_linewalking.o(.text)
    bsp_GetIRavoid                           0x08001c3d   Thumb Code    28  bsp_iravoid.o(.text)
    bsp_GetIRavoid_Data                      0x08001c59   Thumb Code    46  bsp_iravoid.o(.text)
    bsp_GetLightSeeking                      0x08001c8d   Thumb Code    28  bsp_lightseeking.o(.text)
    bsp_getUltrasonicDistance                0x08001cb1   Thumb Code   230  bsp_ultrasonic.o(.text)
    bsp_Ultrasonic_Timer2_Init               0x08001d97   Thumb Code   110  bsp_ultrasonic.o(.text)
    TIM2_IRQHandler                          0x08001e05   Thumb Code    32  bsp_ultrasonic.o(.text)
    ADC_GPIO_Init                            0x08001e35   Thumb Code    32  bsp_adc.o(.text)
    Adc_Init                                 0x08001e55   Thumb Code   116  bsp_adc.o(.text)
    Get_Battery_Volotage                     0x08001f59   Thumb Code    26  bsp_adc.o(.text)
    Buzzer_Control                           0x08001f85   Thumb Code    30  bsp_buzzer.o(.text)
    Fire_Control                             0x08001fa9   Thumb Code    30  bsp_fire.o(.text)
    bsp_GS_Init                              0x08001fcd   Thumb Code     2  bsp_gs.o(.text)
    Get_GS_Value                             0x0800202b   Thumb Code    44  bsp_gs.o(.text)
    NVIC_PriorityGroupConfig                 0x08002061   Thumb Code    10  misc.o(.text)
    NVIC_Init                                0x0800206b   Thumb Code   118  misc.o(.text)
    NVIC_SetVectorTable                      0x080020e1   Thumb Code    12  misc.o(.text)
    NVIC_SystemLPConfig                      0x080020ed   Thumb Code    38  misc.o(.text)
    SysTick_CLKSourceConfig                  0x08002113   Thumb Code    40  misc.o(.text)
    ADC_DeInit                               0x08002159   Thumb Code    78  stm32f10x_adc.o(.text)
    ADC_Init                                 0x080021a7   Thumb Code    70  stm32f10x_adc.o(.text)
    ADC_StructInit                           0x080021ed   Thumb Code    18  stm32f10x_adc.o(.text)
    ADC_Cmd                                  0x080021ff   Thumb Code    22  stm32f10x_adc.o(.text)
    ADC_DMACmd                               0x08002215   Thumb Code    22  stm32f10x_adc.o(.text)
    ADC_ITConfig                             0x0800222b   Thumb Code    24  stm32f10x_adc.o(.text)
    ADC_ResetCalibration                     0x08002243   Thumb Code    10  stm32f10x_adc.o(.text)
    ADC_GetResetCalibrationStatus            0x0800224d   Thumb Code    20  stm32f10x_adc.o(.text)
    ADC_StartCalibration                     0x08002261   Thumb Code    10  stm32f10x_adc.o(.text)
    ADC_GetCalibrationStatus                 0x0800226b   Thumb Code    20  stm32f10x_adc.o(.text)
    ADC_SoftwareStartConvCmd                 0x0800227f   Thumb Code    22  stm32f10x_adc.o(.text)
    ADC_GetSoftwareStartConvStatus           0x08002295   Thumb Code    20  stm32f10x_adc.o(.text)
    ADC_DiscModeChannelCountConfig           0x080022a9   Thumb Code    24  stm32f10x_adc.o(.text)
    ADC_DiscModeCmd                          0x080022c1   Thumb Code    22  stm32f10x_adc.o(.text)
    ADC_RegularChannelConfig                 0x080022d7   Thumb Code   184  stm32f10x_adc.o(.text)
    ADC_ExternalTrigConvCmd                  0x0800238f   Thumb Code    22  stm32f10x_adc.o(.text)
    ADC_GetConversionValue                   0x080023a5   Thumb Code     8  stm32f10x_adc.o(.text)
    ADC_GetDualModeConversionValue           0x080023ad   Thumb Code     6  stm32f10x_adc.o(.text)
    ADC_AutoInjectedConvCmd                  0x080023b3   Thumb Code    22  stm32f10x_adc.o(.text)
    ADC_InjectedDiscModeCmd                  0x080023c9   Thumb Code    22  stm32f10x_adc.o(.text)
    ADC_ExternalTrigInjectedConvConfig       0x080023df   Thumb Code    16  stm32f10x_adc.o(.text)
    ADC_ExternalTrigInjectedConvCmd          0x080023ef   Thumb Code    22  stm32f10x_adc.o(.text)
    ADC_SoftwareStartInjectedConvCmd         0x08002405   Thumb Code    22  stm32f10x_adc.o(.text)
    ADC_GetSoftwareStartInjectedConvCmdStatus 0x0800241b   Thumb Code    20  stm32f10x_adc.o(.text)
    ADC_InjectedChannelConfig                0x0800242f   Thumb Code   130  stm32f10x_adc.o(.text)
    ADC_InjectedSequencerLengthConfig        0x080024b1   Thumb Code    24  stm32f10x_adc.o(.text)
    ADC_SetInjectedOffset                    0x080024c9   Thumb Code    12  stm32f10x_adc.o(.text)
    ADC_GetInjectedConversionValue           0x080024d5   Thumb Code    18  stm32f10x_adc.o(.text)
    ADC_AnalogWatchdogCmd                    0x080024e7   Thumb Code    16  stm32f10x_adc.o(.text)
    ADC_AnalogWatchdogThresholdsConfig       0x080024f7   Thumb Code     6  stm32f10x_adc.o(.text)
    ADC_AnalogWatchdogSingleChannelConfig    0x080024fd   Thumb Code    16  stm32f10x_adc.o(.text)
    ADC_TempSensorVrefintCmd                 0x0800250d   Thumb Code    34  stm32f10x_adc.o(.text)
    ADC_GetFlagStatus                        0x0800252f   Thumb Code    54  stm32f10x_adc.o(.text)
    ADC_ClearFlag                            0x08002565   Thumb Code     6  stm32f10x_adc.o(.text)
    ADC_GetITStatus                          0x0800256b   Thumb Code    36  stm32f10x_adc.o(.text)
    ADC_ClearITPendingBit                    0x0800258f   Thumb Code    10  stm32f10x_adc.o(.text)
    BKP_DeInit                               0x08002599   Thumb Code    16  stm32f10x_bkp.o(.text)
    BKP_TamperPinLevelConfig                 0x080025a9   Thumb Code     6  stm32f10x_bkp.o(.text)
    BKP_TamperPinCmd                         0x080025af   Thumb Code     6  stm32f10x_bkp.o(.text)
    BKP_ITConfig                             0x080025b5   Thumb Code     6  stm32f10x_bkp.o(.text)
    BKP_RTCOutputConfig                      0x080025bb   Thumb Code    28  stm32f10x_bkp.o(.text)
    BKP_SetRTCCalibrationValue               0x080025d7   Thumb Code    28  stm32f10x_bkp.o(.text)
    BKP_WriteBackupRegister                  0x080025f3   Thumb Code    12  stm32f10x_bkp.o(.text)
    BKP_ReadBackupRegister                   0x080025ff   Thumb Code    14  stm32f10x_bkp.o(.text)
    BKP_GetFlagStatus                        0x0800260d   Thumb Code     8  stm32f10x_bkp.o(.text)
    BKP_ClearFlag                            0x08002615   Thumb Code    16  stm32f10x_bkp.o(.text)
    BKP_GetITStatus                          0x08002625   Thumb Code     8  stm32f10x_bkp.o(.text)
    BKP_ClearITPendingBit                    0x0800262d   Thumb Code    16  stm32f10x_bkp.o(.text)
    GPIO_DeInit                              0x0800265d   Thumb Code   172  stm32f10x_gpio.o(.text)
    GPIO_AFIODeInit                          0x08002709   Thumb Code    20  stm32f10x_gpio.o(.text)
    GPIO_Init                                0x0800271d   Thumb Code   274  stm32f10x_gpio.o(.text)
    GPIO_StructInit                          0x0800282f   Thumb Code    16  stm32f10x_gpio.o(.text)
    GPIO_ReadInputDataBit                    0x0800283f   Thumb Code    18  stm32f10x_gpio.o(.text)
    GPIO_ReadInputData                       0x08002851   Thumb Code     8  stm32f10x_gpio.o(.text)
    GPIO_ReadOutputDataBit                   0x08002859   Thumb Code    18  stm32f10x_gpio.o(.text)
    GPIO_ReadOutputData                      0x0800286b   Thumb Code     8  stm32f10x_gpio.o(.text)
    GPIO_SetBits                             0x08002873   Thumb Code     4  stm32f10x_gpio.o(.text)
    GPIO_ResetBits                           0x08002877   Thumb Code     4  stm32f10x_gpio.o(.text)
    GPIO_WriteBit                            0x0800287b   Thumb Code    10  stm32f10x_gpio.o(.text)
    GPIO_Write                               0x08002885   Thumb Code     4  stm32f10x_gpio.o(.text)
    GPIO_PinLockConfig                       0x08002889   Thumb Code    18  stm32f10x_gpio.o(.text)
    GPIO_EventOutputConfig                   0x0800289b   Thumb Code    26  stm32f10x_gpio.o(.text)
    GPIO_EventOutputCmd                      0x080028b5   Thumb Code     6  stm32f10x_gpio.o(.text)
    GPIO_PinRemapConfig                      0x080028bb   Thumb Code   138  stm32f10x_gpio.o(.text)
    GPIO_EXTILineConfig                      0x08002945   Thumb Code    66  stm32f10x_gpio.o(.text)
    GPIO_ETH_MediaInterfaceConfig            0x08002987   Thumb Code     6  stm32f10x_gpio.o(.text)
    PWR_DeInit                               0x080029b5   Thumb Code    22  stm32f10x_pwr.o(.text)
    PWR_BackupAccessCmd                      0x080029cb   Thumb Code     6  stm32f10x_pwr.o(.text)
    PWR_PVDCmd                               0x080029d1   Thumb Code     6  stm32f10x_pwr.o(.text)
    PWR_PVDLevelConfig                       0x080029d7   Thumb Code    18  stm32f10x_pwr.o(.text)
    PWR_WakeUpPinCmd                         0x080029e9   Thumb Code     6  stm32f10x_pwr.o(.text)
    PWR_EnterSTOPMode                        0x080029ef   Thumb Code    62  stm32f10x_pwr.o(.text)
    PWR_EnterSTANDBYMode                     0x08002a2d   Thumb Code    46  stm32f10x_pwr.o(.text)
    PWR_GetFlagStatus                        0x08002a5b   Thumb Code    20  stm32f10x_pwr.o(.text)
    PWR_ClearFlag                            0x08002a6f   Thumb Code    14  stm32f10x_pwr.o(.text)
    RCC_DeInit                               0x08002a8d   Thumb Code    64  stm32f10x_rcc.o(.text)
    RCC_HSEConfig                            0x08002acd   Thumb Code    70  stm32f10x_rcc.o(.text)
    RCC_GetFlagStatus                        0x08002b13   Thumb Code    56  stm32f10x_rcc.o(.text)
    RCC_WaitForHSEStartUp                    0x08002b4b   Thumb Code    48  stm32f10x_rcc.o(.text)
    RCC_AdjustHSICalibrationValue            0x08002b7b   Thumb Code    20  stm32f10x_rcc.o(.text)
    RCC_HSICmd                               0x08002b8f   Thumb Code     6  stm32f10x_rcc.o(.text)
    RCC_PLLConfig                            0x08002b95   Thumb Code    24  stm32f10x_rcc.o(.text)
    RCC_PLLCmd                               0x08002bad   Thumb Code     6  stm32f10x_rcc.o(.text)
    RCC_SYSCLKConfig                         0x08002bb3   Thumb Code    18  stm32f10x_rcc.o(.text)
    RCC_GetSYSCLKSource                      0x08002bc5   Thumb Code    10  stm32f10x_rcc.o(.text)
    RCC_HCLKConfig                           0x08002bcf   Thumb Code    18  stm32f10x_rcc.o(.text)
    RCC_PCLK1Config                          0x08002be1   Thumb Code    18  stm32f10x_rcc.o(.text)
    RCC_PCLK2Config                          0x08002bf3   Thumb Code    20  stm32f10x_rcc.o(.text)
    RCC_ITConfig                             0x08002c07   Thumb Code    30  stm32f10x_rcc.o(.text)
    RCC_USBCLKConfig                         0x08002c25   Thumb Code     6  stm32f10x_rcc.o(.text)
    RCC_ADCCLKConfig                         0x08002c2b   Thumb Code    18  stm32f10x_rcc.o(.text)
    RCC_LSEConfig                            0x08002c3d   Thumb Code    44  stm32f10x_rcc.o(.text)
    RCC_LSICmd                               0x08002c69   Thumb Code     6  stm32f10x_rcc.o(.text)
    RCC_RTCCLKConfig                         0x08002c6f   Thumb Code    12  stm32f10x_rcc.o(.text)
    RCC_RTCCLKCmd                            0x08002c7b   Thumb Code     6  stm32f10x_rcc.o(.text)
    RCC_GetClocksFreq                        0x08002c81   Thumb Code   192  stm32f10x_rcc.o(.text)
    RCC_AHBPeriphClockCmd                    0x08002d41   Thumb Code    26  stm32f10x_rcc.o(.text)
    RCC_APB2PeriphClockCmd                   0x08002d5b   Thumb Code    26  stm32f10x_rcc.o(.text)
    RCC_APB1PeriphClockCmd                   0x08002d75   Thumb Code    26  stm32f10x_rcc.o(.text)
    RCC_APB2PeriphResetCmd                   0x08002d8f   Thumb Code    26  stm32f10x_rcc.o(.text)
    RCC_APB1PeriphResetCmd                   0x08002da9   Thumb Code    26  stm32f10x_rcc.o(.text)
    RCC_BackupResetCmd                       0x08002dc3   Thumb Code     6  stm32f10x_rcc.o(.text)
    RCC_ClockSecuritySystemCmd               0x08002dc9   Thumb Code     6  stm32f10x_rcc.o(.text)
    RCC_MCOConfig                            0x08002dcf   Thumb Code     6  stm32f10x_rcc.o(.text)
    RCC_ClearFlag                            0x08002dd5   Thumb Code    14  stm32f10x_rcc.o(.text)
    RCC_GetITStatus                          0x08002de3   Thumb Code    20  stm32f10x_rcc.o(.text)
    RCC_ClearITPendingBit                    0x08002df7   Thumb Code     6  stm32f10x_rcc.o(.text)
    TIM_DeInit                               0x08002e31   Thumb Code   424  stm32f10x_tim.o(.text)
    TIM_TimeBaseInit                         0x08002fd9   Thumb Code   122  stm32f10x_tim.o(.text)
    TIM_OC1Init                              0x08003053   Thumb Code   132  stm32f10x_tim.o(.text)
    TIM_OC2Init                              0x080030d7   Thumb Code   146  stm32f10x_tim.o(.text)
    TIM_OC3Init                              0x08003169   Thumb Code   142  stm32f10x_tim.o(.text)
    TIM_OC4Init                              0x080031f7   Thumb Code   172  stm32f10x_tim.o(.text)
    TIM_SetIC4Prescaler                      0x080032a3   Thumb Code    22  stm32f10x_tim.o(.text)
    TIM_SetIC3Prescaler                      0x0800332f   Thumb Code    18  stm32f10x_tim.o(.text)
    TIM_SetIC2Prescaler                      0x080033b3   Thumb Code    22  stm32f10x_tim.o(.text)
    TIM_SetIC1Prescaler                      0x0800343f   Thumb Code    18  stm32f10x_tim.o(.text)
    TIM_ICInit                               0x080034bb   Thumb Code   150  stm32f10x_tim.o(.text)
    TIM_PWMIConfig                           0x08003551   Thumb Code   124  stm32f10x_tim.o(.text)
    TIM_BDTRConfig                           0x080035cd   Thumb Code    32  stm32f10x_tim.o(.text)
    TIM_TimeBaseStructInit                   0x080035ed   Thumb Code    18  stm32f10x_tim.o(.text)
    TIM_OCStructInit                         0x080035ff   Thumb Code    20  stm32f10x_tim.o(.text)
    TIM_ICStructInit                         0x08003613   Thumb Code    18  stm32f10x_tim.o(.text)
    TIM_BDTRStructInit                       0x08003625   Thumb Code    18  stm32f10x_tim.o(.text)
    TIM_Cmd                                  0x08003637   Thumb Code    24  stm32f10x_tim.o(.text)
    TIM_CtrlPWMOutputs                       0x0800364f   Thumb Code    52  stm32f10x_tim.o(.text)
    TIM_ITConfig                             0x08003683   Thumb Code    24  stm32f10x_tim.o(.text)
    TIM_GenerateEvent                        0x0800369b   Thumb Code     4  stm32f10x_tim.o(.text)
    TIM_DMAConfig                            0x0800369f   Thumb Code    10  stm32f10x_tim.o(.text)
    TIM_DMACmd                               0x080036a9   Thumb Code    24  stm32f10x_tim.o(.text)
    TIM_InternalClockConfig                  0x080036c1   Thumb Code    12  stm32f10x_tim.o(.text)
    TIM_SelectInputTrigger                   0x080036cd   Thumb Code    18  stm32f10x_tim.o(.text)
    TIM_ITRxExternalClockConfig              0x080036df   Thumb Code    24  stm32f10x_tim.o(.text)
    TIM_TIxExternalClockConfig               0x080036f7   Thumb Code    62  stm32f10x_tim.o(.text)
    TIM_ETRConfig                            0x08003735   Thumb Code    24  stm32f10x_tim.o(.text)
    TIM_ETRClockMode1Config                  0x0800374d   Thumb Code    54  stm32f10x_tim.o(.text)
    TIM_ETRClockMode2Config                  0x08003783   Thumb Code    32  stm32f10x_tim.o(.text)
    TIM_PrescalerConfig                      0x080037a3   Thumb Code     6  stm32f10x_tim.o(.text)
    TIM_CounterModeConfig                    0x080037a9   Thumb Code    18  stm32f10x_tim.o(.text)
    TIM_EncoderInterfaceConfig               0x080037bb   Thumb Code    62  stm32f10x_tim.o(.text)
    TIM_ForcedOC1Config                      0x080037f9   Thumb Code    18  stm32f10x_tim.o(.text)
    TIM_ForcedOC2Config                      0x0800380b   Thumb Code    22  stm32f10x_tim.o(.text)
    TIM_ForcedOC3Config                      0x08003821   Thumb Code    18  stm32f10x_tim.o(.text)
    TIM_ForcedOC4Config                      0x08003833   Thumb Code    22  stm32f10x_tim.o(.text)
    TIM_ARRPreloadConfig                     0x08003849   Thumb Code    24  stm32f10x_tim.o(.text)
    TIM_SelectCOM                            0x08003861   Thumb Code    24  stm32f10x_tim.o(.text)
    TIM_SelectCCDMA                          0x08003879   Thumb Code    24  stm32f10x_tim.o(.text)
    TIM_CCPreloadControl                     0x08003891   Thumb Code    24  stm32f10x_tim.o(.text)
    TIM_OC1PreloadConfig                     0x080038a9   Thumb Code    18  stm32f10x_tim.o(.text)
    TIM_OC2PreloadConfig                     0x080038bb   Thumb Code    22  stm32f10x_tim.o(.text)
    TIM_OC3PreloadConfig                     0x080038d1   Thumb Code    18  stm32f10x_tim.o(.text)
    TIM_OC4PreloadConfig                     0x080038e3   Thumb Code    22  stm32f10x_tim.o(.text)
    TIM_OC1FastConfig                        0x080038f9   Thumb Code    18  stm32f10x_tim.o(.text)
    TIM_OC2FastConfig                        0x0800390b   Thumb Code    22  stm32f10x_tim.o(.text)
    TIM_OC3FastConfig                        0x08003921   Thumb Code    18  stm32f10x_tim.o(.text)
    TIM_OC4FastConfig                        0x08003933   Thumb Code    22  stm32f10x_tim.o(.text)
    TIM_ClearOC1Ref                          0x08003949   Thumb Code    18  stm32f10x_tim.o(.text)
    TIM_ClearOC2Ref                          0x0800395b   Thumb Code    20  stm32f10x_tim.o(.text)
    TIM_ClearOC3Ref                          0x0800396f   Thumb Code    18  stm32f10x_tim.o(.text)
    TIM_ClearOC4Ref                          0x08003981   Thumb Code    20  stm32f10x_tim.o(.text)
    TIM_OC1PolarityConfig                    0x08003995   Thumb Code    18  stm32f10x_tim.o(.text)
    TIM_OC1NPolarityConfig                   0x080039a7   Thumb Code    18  stm32f10x_tim.o(.text)
    TIM_OC2PolarityConfig                    0x080039b9   Thumb Code    22  stm32f10x_tim.o(.text)
    TIM_OC2NPolarityConfig                   0x080039cf   Thumb Code    22  stm32f10x_tim.o(.text)
    TIM_OC3PolarityConfig                    0x080039e5   Thumb Code    22  stm32f10x_tim.o(.text)
    TIM_OC3NPolarityConfig                   0x080039fb   Thumb Code    22  stm32f10x_tim.o(.text)
    TIM_OC4PolarityConfig                    0x08003a11   Thumb Code    22  stm32f10x_tim.o(.text)
    TIM_CCxCmd                               0x08003a27   Thumb Code    34  stm32f10x_tim.o(.text)
    TIM_CCxNCmd                              0x08003a49   Thumb Code    34  stm32f10x_tim.o(.text)
    TIM_SelectOCxM                           0x08003a6b   Thumb Code    82  stm32f10x_tim.o(.text)
    TIM_UpdateDisableConfig                  0x08003abd   Thumb Code    24  stm32f10x_tim.o(.text)
    TIM_UpdateRequestConfig                  0x08003ad5   Thumb Code    24  stm32f10x_tim.o(.text)
    TIM_SelectHallSensor                     0x08003aed   Thumb Code    24  stm32f10x_tim.o(.text)
    TIM_SelectOnePulseMode                   0x08003b05   Thumb Code    18  stm32f10x_tim.o(.text)
    TIM_SelectOutputTrigger                  0x08003b17   Thumb Code    18  stm32f10x_tim.o(.text)
    TIM_SelectSlaveMode                      0x08003b29   Thumb Code    18  stm32f10x_tim.o(.text)
    TIM_SelectMasterSlaveMode                0x08003b3b   Thumb Code    18  stm32f10x_tim.o(.text)
    TIM_SetCounter                           0x08003b4d   Thumb Code     4  stm32f10x_tim.o(.text)
    TIM_SetAutoreload                        0x08003b51   Thumb Code     4  stm32f10x_tim.o(.text)
    TIM_SetCompare1                          0x08003b55   Thumb Code     4  stm32f10x_tim.o(.text)
    TIM_SetCompare2                          0x08003b59   Thumb Code     4  stm32f10x_tim.o(.text)
    TIM_SetCompare3                          0x08003b5d   Thumb Code     4  stm32f10x_tim.o(.text)
    TIM_SetCompare4                          0x08003b61   Thumb Code     6  stm32f10x_tim.o(.text)
    TIM_SetClockDivision                     0x08003b67   Thumb Code    18  stm32f10x_tim.o(.text)
    TIM_GetCapture1                          0x08003b79   Thumb Code     6  stm32f10x_tim.o(.text)
    TIM_GetCapture2                          0x08003b7f   Thumb Code     6  stm32f10x_tim.o(.text)
    TIM_GetCapture3                          0x08003b85   Thumb Code     6  stm32f10x_tim.o(.text)
    TIM_GetCapture4                          0x08003b8b   Thumb Code     8  stm32f10x_tim.o(.text)
    TIM_GetCounter                           0x08003b93   Thumb Code     6  stm32f10x_tim.o(.text)
    TIM_GetPrescaler                         0x08003b99   Thumb Code     6  stm32f10x_tim.o(.text)
    TIM_GetFlagStatus                        0x08003b9f   Thumb Code    18  stm32f10x_tim.o(.text)
    TIM_ClearFlag                            0x08003bb1   Thumb Code     6  stm32f10x_tim.o(.text)
    TIM_GetITStatus                          0x08003bb7   Thumb Code    34  stm32f10x_tim.o(.text)
    TIM_ClearITPendingBit                    0x08003bd9   Thumb Code     6  stm32f10x_tim.o(.text)
    USART_DeInit                             0x08003be1   Thumb Code   134  stm32f10x_usart.o(.text)
    USART_Init                               0x08003c67   Thumb Code   210  stm32f10x_usart.o(.text)
    USART_StructInit                         0x08003d39   Thumb Code    24  stm32f10x_usart.o(.text)
    USART_ClockInit                          0x08003d51   Thumb Code    34  stm32f10x_usart.o(.text)
    USART_ClockStructInit                    0x08003d73   Thumb Code    12  stm32f10x_usart.o(.text)
    USART_Cmd                                0x08003d7f   Thumb Code    24  stm32f10x_usart.o(.text)
    USART_ITConfig                           0x08003d97   Thumb Code    74  stm32f10x_usart.o(.text)
    USART_DMACmd                             0x08003de1   Thumb Code    24  stm32f10x_usart.o(.text)
    USART_SetAddress                         0x08003df9   Thumb Code    18  stm32f10x_usart.o(.text)
    USART_WakeUpConfig                       0x08003e0b   Thumb Code    18  stm32f10x_usart.o(.text)
    USART_ReceiverWakeUpCmd                  0x08003e1d   Thumb Code    24  stm32f10x_usart.o(.text)
    USART_LINBreakDetectLengthConfig         0x08003e35   Thumb Code    18  stm32f10x_usart.o(.text)
    USART_LINCmd                             0x08003e47   Thumb Code    24  stm32f10x_usart.o(.text)
    USART_SendData                           0x08003e5f   Thumb Code     8  stm32f10x_usart.o(.text)
    USART_ReceiveData                        0x08003e67   Thumb Code    10  stm32f10x_usart.o(.text)
    USART_SendBreak                          0x08003e71   Thumb Code    10  stm32f10x_usart.o(.text)
    USART_SetGuardTime                       0x08003e7b   Thumb Code    16  stm32f10x_usart.o(.text)
    USART_SetPrescaler                       0x08003e8b   Thumb Code    16  stm32f10x_usart.o(.text)
    USART_SmartCardCmd                       0x08003e9b   Thumb Code    24  stm32f10x_usart.o(.text)
    USART_SmartCardNACKCmd                   0x08003eb3   Thumb Code    24  stm32f10x_usart.o(.text)
    USART_HalfDuplexCmd                      0x08003ecb   Thumb Code    24  stm32f10x_usart.o(.text)
    USART_OverSampling8Cmd                   0x08003ee3   Thumb Code    22  stm32f10x_usart.o(.text)
    USART_OneBitMethodCmd                    0x08003ef9   Thumb Code    24  stm32f10x_usart.o(.text)
    USART_IrDAConfig                         0x08003f11   Thumb Code    18  stm32f10x_usart.o(.text)
    USART_IrDACmd                            0x08003f23   Thumb Code    24  stm32f10x_usart.o(.text)
    USART_GetFlagStatus                      0x08003f3b   Thumb Code    26  stm32f10x_usart.o(.text)
    USART_ClearFlag                          0x08003f55   Thumb Code    18  stm32f10x_usart.o(.text)
    USART_GetITStatus                        0x08003f67   Thumb Code    84  stm32f10x_usart.o(.text)
    USART_ClearITPendingBit                  0x08003fbb   Thumb Code    50  stm32f10x_usart.o(.text)
    __aeabi_memcpy                           0x08003fed   Thumb Code    36  memcpya.o(.text)
    __aeabi_memcpy4                          0x08003fed   Thumb Code     0  memcpya.o(.text)
    __aeabi_memcpy8                          0x08003fed   Thumb Code     0  memcpya.o(.text)
    __aeabi_memset                           0x08004011   Thumb Code    14  memseta.o(.text)
    __aeabi_memset4                          0x08004011   Thumb Code     0  memseta.o(.text)
    __aeabi_memset8                          0x08004011   Thumb Code     0  memseta.o(.text)
    __aeabi_memclr                           0x0800401f   Thumb Code     4  memseta.o(.text)
    __aeabi_memclr4                          0x0800401f   Thumb Code     0  memseta.o(.text)
    __aeabi_memclr8                          0x0800401f   Thumb Code     0  memseta.o(.text)
    _memset$wrapper                          0x08004023   Thumb Code    20  memseta.o(.text)
    atoi                                     0x08004037   Thumb Code    26  atoi.o(.text)
    __aeabi_fadd                             0x08004051   Thumb Code   164  fadd.o(.text)
    __aeabi_fsub                             0x080040f5   Thumb Code     6  fadd.o(.text)
    __aeabi_frsub                            0x080040fb   Thumb Code     6  fadd.o(.text)
    __aeabi_fmul                             0x08004101   Thumb Code   108  fmul.o(.text)
    __aeabi_fdiv                             0x0800416d   Thumb Code   128  fdiv.o(.text)
    __aeabi_dmul                             0x080041ed   Thumb Code   226  dmul.o(.text)
    __aeabi_ddiv                             0x080042cf   Thumb Code   222  ddiv.o(.text)
    __aeabi_i2f                              0x080043ad   Thumb Code    18  fflti.o(.text)
    __aeabi_ui2f                             0x080043bf   Thumb Code    10  ffltui.o(.text)
    __aeabi_ui2d                             0x080043c9   Thumb Code    26  dfltui.o(.text)
    __aeabi_f2iz                             0x080043e3   Thumb Code    50  ffixi.o(.text)
    __aeabi_f2uiz                            0x08004415   Thumb Code    40  ffixui.o(.text)
    __aeabi_f2d                              0x0800443d   Thumb Code    44  f2d.o(.text)
    __aeabi_d2f                              0x08004469   Thumb Code    56  d2f.o(.text)
    __aeabi_uidiv                            0x080044a1   Thumb Code     0  uidiv.o(.text)
    __aeabi_uidivmod                         0x080044a1   Thumb Code    44  uidiv.o(.text)
    __aeabi_uldivmod                         0x080044cd   Thumb Code   102  uldiv.o(.text)
    strtol                                   0x08004533   Thumb Code   112  strtol.o(.text)
    __I$use$fp                               0x080045a3   Thumb Code     0  iusefp.o(.text)
    _float_round                             0x080045a3   Thumb Code    18  fepilogue.o(.text)
    _float_epilogue                          0x080045b5   Thumb Code    94  fepilogue.o(.text)
    _double_round                            0x08004613   Thumb Code    26  depilogue.o(.text)
    _double_epilogue                         0x0800462d   Thumb Code   168  depilogue.o(.text)
    __aeabi_dadd                             0x080046d5   Thumb Code   318  dadd.o(.text)
    __aeabi_dsub                             0x08004813   Thumb Code     6  dadd.o(.text)
    __aeabi_drsub                            0x08004819   Thumb Code     6  dadd.o(.text)
    __aeabi_d2ulz                            0x0800481f   Thumb Code    48  dfixul.o(.text)
    __aeabi_cdrcmple                         0x08004851   Thumb Code    38  cdrcmple.o(.text)
    __scatterload                            0x08004879   Thumb Code    28  init.o(.text)
    __scatterload_rt2                        0x08004879   Thumb Code     0  init.o(.text)
    __aeabi_llsl                             0x0800489d   Thumb Code    30  llshl.o(.text)
    _ll_shift_l                              0x0800489d   Thumb Code     0  llshl.o(.text)
    __aeabi_llsr                             0x080048bb   Thumb Code    32  llushr.o(.text)
    _ll_ushift_r                             0x080048bb   Thumb Code     0  llushr.o(.text)
    __aeabi_lasr                             0x080048db   Thumb Code    36  llsshr.o(.text)
    _ll_sshift_r                             0x080048db   Thumb Code     0  llsshr.o(.text)
    __rt_ctype_table                         0x08004901   Thumb Code     4  ctype_o.o(.text)
    _strtoul                                 0x08004909   Thumb Code   156  _strtoul.o(.text)
    _chval                                   0x080049a5   Thumb Code    32  _chval.o(.text)
    __0printf                                0x080049c5   Thumb Code    22  printfa.o(i.__0printf)
    __1printf                                0x080049c5   Thumb Code     0  printfa.o(i.__0printf)
    __2printf                                0x080049c5   Thumb Code     0  printfa.o(i.__0printf)
    __c89printf                              0x080049c5   Thumb Code     0  printfa.o(i.__0printf)
    printf                                   0x080049c5   Thumb Code     0  printfa.o(i.__0printf)
    __aeabi_errno_addr                       0x080049e5   Thumb Code     4  errno.o(i.__aeabi_errno_addr)
    __rt_errno_addr                          0x080049e5   Thumb Code     0  errno.o(i.__aeabi_errno_addr)
    __scatterload_copy                       0x080049ed   Thumb Code    14  handlers.o(i.__scatterload_copy)
    __scatterload_null                       0x080049fb   Thumb Code     2  handlers.o(i.__scatterload_null)
    __scatterload_zeroinit                   0x080049fd   Thumb Code    14  handlers.o(i.__scatterload_zeroinit)
    __ctype_table                            0x08005288   Data         129  ctype_o.o(.constdata)
    Region$$Table$$Base                      0x08005310   Number         0  anon$$obj.o(Region$$Table)
    Region$$Table$$Limit                     0x08005330   Number         0  anon$$obj.o(Region$$Table)
    SystemCoreClock                          0x20000000   Data           4  system_stm32f10x.o(.data)
    AHBPrescTable                            0x20000004   Data          16  system_stm32f10x.o(.data)
    newLineReceived                          0x20000018   Data           1  usart.o(.data)
    USART_RX_STA                             0x2000001a   Data           2  usart.o(.data)
    g_num                                    0x2000001c   Data           4  usart.o(.data)
    startBit                                 0x20000020   Data           1  usart.o(.data)
    g_packnum                                0x20000024   Data           4  usart.o(.data)
    __stdout                                 0x20000028   Data           4  usart.o(.data)
    g_modeSelect                             0x2000002c   Data           4  app_bluetooth.o(.data)
    g_Boolfire                               0x20000030   Data           1  app_bluetooth.o(.data)
    position                                 0x20000034   Data           4  app_colormode.o(.data)
    CarSpeedControl                          0x20000038   Data           4  protocol.o(.data)
    g_CarState                               0x2000003c   Data           4  protocol.o(.data)
    enCarState                               0x20000040   Data           1  protocol.o(.data)
    Angle_J1                                 0x20000044   Data           4  bsp_servo.o(.data)
    Angle_J2                                 0x20000048   Data           4  bsp_servo.o(.data)
    Angle_J3                                 0x2000004c   Data           4  bsp_servo.o(.data)
    Angle_J4                                 0x20000050   Data           4  bsp_servo.o(.data)
    Angle_J5                                 0x20000054   Data           4  bsp_servo.o(.data)
    Angle_J6                                 0x20000058   Data           4  bsp_servo.o(.data)
    num                                      0x2000005c   Data           4  bsp_timer.o(.data)
    g_count                                  0x20000060   Data           4  bsp_timer.o(.data)
    overcount                                0x20000064   Data           4  bsp_ultrasonic.o(.data)
    inputString                              0x20000080   Data          80  usart.o(.bss)
    USART_RX_BUF                             0x200000d0   Data         200  usart.o(.bss)
    ProtocolString                           0x20000198   Data          80  protocol.o(.bss)
    __initial_sp                             0x200005e8   Data           0  startup_stm32f10x_md.o(STACK)



==============================================================================

Memory Map of the image

  Image Entry point : 0x080000ed

  Load Region LR_IROM1 (Base: 0x08000000, Size: 0x000053b0, Max: 0x00010000, ABSOLUTE)

    Execution Region ER_IROM1 (Base: 0x08000000, Size: 0x00005330, Max: 0x00010000, ABSOLUTE)

    Base Addr    Size         Type   Attr      Idx    E Section Name        Object

    0x08000000   0x000000ec   Data   RO            3    RESET               startup_stm32f10x_md.o
    0x080000ec   0x00000000   Code   RO          920  * .ARM.Collect$$$$00000000  mc_w.l(entry.o)(mc_w.l)
    0x080000ec   0x00000004   Code   RO         1216    .ARM.Collect$$$$00000001  mc_w.l(entry2.o)(mc_w.l)
    0x080000f0   0x00000004   Code   RO         1219    .ARM.Collect$$$$00000004  mc_w.l(entry5.o)(mc_w.l)
    0x080000f4   0x00000008   Code   RO         1220    .ARM.Collect$$$$00000007  mc_w.l(entry7.o)(mc_w.l)
    0x080000fc   0x00000004   Code   RO         1217    .ARM.Collect$$$$00002712  mc_w.l(entry2.o)(mc_w.l)
    0x08000100   0x00000024   Code   RO            4    .text               startup_stm32f10x_md.o
    0x08000124   0x000001c8   Code   RO           10    .text               system_stm32f10x.o
    0x080002ec   0x000000c4   Code   RO           63    .text               delay.o
    0x080003b0   0x00000288   Code   RO          106    .text               usart.o
    0x08000638   0x0000000c   Code   RO          129    .text               main.o
    0x08000644   0x000001a0   Code   RO          206    .text               app_motor.o
    0x080007e4   0x00000154   Code   RO          218    .text               app_linewalking.o
    0x08000938   0x00000148   Code   RO          230    .text               app_iravoid.o
    0x08000a80   0x00000064   Code   RO          245    .text               app_lightseeking.o
    0x08000ae4   0x0000011c   Code   RO          260    .text               app_ultrasonic.o
    0x08000c00   0x0000011c   Code   RO          272    .text               app_bluetooth.o
    0x08000d1c   0x00000082   Code   RO          296    .text               app_buzzer.o
    0x08000d9e   0x00000002   PAD
    0x08000da0   0x00000170   Code   RO          314    .text               app_colormode.o
    0x08000f10   0x000004f8   Code   RO          329    .text               protocol.o
    0x08001408   0x00000090   Code   RO          367    .text               bsp.o
    0x08001498   0x000002d4   Code   RO          423    .text               bsp_gpio.o
    0x0800176c   0x000000f4   Code   RO          441    .text               bsp_motor.o
    0x08001860   0x000000e4   Code   RO          471    .text               bsp_timer.o
    0x08001944   0x00000240   Code   RO          489    .text               bsp_colorful.o
    0x08001b84   0x000000b8   Code   RO          501    .text               bsp_linewalking.o
    0x08001c3c   0x00000050   Code   RO          513    .text               bsp_iravoid.o
    0x08001c8c   0x00000024   Code   RO          525    .text               bsp_lightseeking.o
    0x08001cb0   0x00000184   Code   RO          537    .text               bsp_ultrasonic.o
    0x08001e34   0x00000150   Code   RO          552    .text               bsp_adc.o
    0x08001f84   0x00000024   Code   RO          567    .text               bsp_buzzer.o
    0x08001fa8   0x00000024   Code   RO          579    .text               bsp_fire.o
    0x08001fcc   0x00000094   Code   RO          591    .text               bsp_gs.o
    0x08002060   0x000000f8   Code   RO          603    .text               misc.o
    0x08002158   0x00000440   Code   RO          615    .text               stm32f10x_adc.o
    0x08002598   0x000000c4   Code   RO          627    .text               stm32f10x_bkp.o
    0x0800265c   0x00000358   Code   RO          771    .text               stm32f10x_gpio.o
    0x080029b4   0x000000d8   Code   RO          810    .text               stm32f10x_pwr.o
    0x08002a8c   0x000003a4   Code   RO          822    .text               stm32f10x_rcc.o
    0x08002e30   0x00000dae   Code   RO          881    .text               stm32f10x_tim.o
    0x08003bde   0x00000002   PAD
    0x08003be0   0x0000040c   Code   RO          893    .text               stm32f10x_usart.o
    0x08003fec   0x00000024   Code   RO          923    .text               mc_w.l(memcpya.o)(mc_w.l)
    0x08004010   0x00000026   Code   RO          925    .text               mc_w.l(memseta.o)(mc_w.l)
    0x08004036   0x0000001a   Code   RO         1190    .text               mc_w.l(atoi.o)(mc_w.l)
    0x08004050   0x000000b0   Code   RO         1192    .text               mf_w.l(fadd.o)(mf_w.l)
    0x08004100   0x0000006c   Code   RO         1194    .text               mf_w.l(fmul.o)(mf_w.l)
    0x0800416c   0x00000080   Code   RO         1196    .text               mf_w.l(fdiv.o)(mf_w.l)
    0x080041ec   0x000000e2   Code   RO         1198    .text               mf_w.l(dmul.o)(mf_w.l)
    0x080042ce   0x000000de   Code   RO         1200    .text               mf_w.l(ddiv.o)(mf_w.l)
    0x080043ac   0x00000012   Code   RO         1202    .text               mf_w.l(fflti.o)(mf_w.l)
    0x080043be   0x0000000a   Code   RO         1204    .text               mf_w.l(ffltui.o)(mf_w.l)
    0x080043c8   0x0000001a   Code   RO         1206    .text               mf_w.l(dfltui.o)(mf_w.l)
    0x080043e2   0x00000032   Code   RO         1208    .text               mf_w.l(ffixi.o)(mf_w.l)
    0x08004414   0x00000028   Code   RO         1210    .text               mf_w.l(ffixui.o)(mf_w.l)
    0x0800443c   0x0000002c   Code   RO         1212    .text               mf_w.l(f2d.o)(mf_w.l)
    0x08004468   0x00000038   Code   RO         1214    .text               mf_w.l(d2f.o)(mf_w.l)
    0x080044a0   0x0000002c   Code   RO         1221    .text               mc_w.l(uidiv.o)(mc_w.l)
    0x080044cc   0x00000066   Code   RO         1223    .text               mc_w.l(uldiv.o)(mc_w.l)
    0x08004532   0x00000070   Code   RO         1232    .text               mc_w.l(strtol.o)(mc_w.l)
    0x080045a2   0x00000000   Code   RO         1234    .text               mc_w.l(iusefp.o)(mc_w.l)
    0x080045a2   0x00000070   Code   RO         1235    .text               mf_w.l(fepilogue.o)(mf_w.l)
    0x08004612   0x000000c2   Code   RO         1237    .text               mf_w.l(depilogue.o)(mf_w.l)
    0x080046d4   0x0000014a   Code   RO         1239    .text               mf_w.l(dadd.o)(mf_w.l)
    0x0800481e   0x00000030   Code   RO         1241    .text               mf_w.l(dfixul.o)(mf_w.l)
    0x0800484e   0x00000002   PAD
    0x08004850   0x00000028   Code   RO         1243    .text               mf_w.l(cdrcmple.o)(mf_w.l)
    0x08004878   0x00000024   Code   RO         1245    .text               mc_w.l(init.o)(mc_w.l)
    0x0800489c   0x0000001e   Code   RO         1247    .text               mc_w.l(llshl.o)(mc_w.l)
    0x080048ba   0x00000020   Code   RO         1249    .text               mc_w.l(llushr.o)(mc_w.l)
    0x080048da   0x00000024   Code   RO         1251    .text               mc_w.l(llsshr.o)(mc_w.l)
    0x080048fe   0x00000002   PAD
    0x08004900   0x00000008   Code   RO         1253    .text               mc_w.l(ctype_o.o)(mc_w.l)
    0x08004908   0x0000009c   Code   RO         1281    .text               mc_w.l(_strtoul.o)(mc_w.l)
    0x080049a4   0x00000020   Code   RO         1283    .text               mc_w.l(_chval.o)(mc_w.l)
    0x080049c4   0x00000020   Code   RO         1162    i.__0printf         mc_w.l(printfa.o)(mc_w.l)
    0x080049e4   0x00000008   Code   RO         1225    i.__aeabi_errno_addr  mc_w.l(errno.o)(mc_w.l)
    0x080049ec   0x0000000e   Code   RO         1287    i.__scatterload_copy  mc_w.l(handlers.o)(mc_w.l)
    0x080049fa   0x00000002   Code   RO         1288    i.__scatterload_null  mc_w.l(handlers.o)(mc_w.l)
    0x080049fc   0x0000000e   Code   RO         1289    i.__scatterload_zeroinit  mc_w.l(handlers.o)(mc_w.l)
    0x08004a0a   0x00000002   PAD
    0x08004a0c   0x00000154   Code   RO         1169    i._fp_digits        mc_w.l(printfa.o)(mc_w.l)
    0x08004b60   0x000006d4   Code   RO         1170    i._printf_core      mc_w.l(printfa.o)(mc_w.l)
    0x08005234   0x00000026   Code   RO         1171    i._printf_post_padding  mc_w.l(printfa.o)(mc_w.l)
    0x0800525a   0x0000002e   Code   RO         1172    i._printf_pre_padding  mc_w.l(printfa.o)(mc_w.l)
    0x08005288   0x00000081   Data   RO         1254    .constdata          mc_w.l(ctype_o.o)(mc_w.l)
    0x08005309   0x00000003   PAD
    0x0800530c   0x00000004   Data   RO         1255    .constdata          mc_w.l(ctype_o.o)(mc_w.l)
    0x08005310   0x00000020   Data   RO         1285    Region$$Table       anon$$obj.o


    Execution Region RW_IRAM1 (Base: 0x20000000, Size: 0x000005e8, Max: 0x00005000, ABSOLUTE)

    Base Addr    Size         Type   Attr      Idx    E Section Name        Object

    0x20000000   0x00000014   Data   RW           11    .data               system_stm32f10x.o
    0x20000014   0x00000004   Data   RW           64    .data               delay.o
    0x20000018   0x00000014   Data   RW          108    .data               usart.o
    0x2000002c   0x00000005   Data   RW          273    .data               app_bluetooth.o
    0x20000031   0x00000003   PAD
    0x20000034   0x00000004   Data   RW          315    .data               app_colormode.o
    0x20000038   0x00000009   Data   RW          331    .data               protocol.o
    0x20000041   0x00000003   PAD
    0x20000044   0x00000018   Data   RW          454    .data               bsp_servo.o
    0x2000005c   0x00000008   Data   RW          472    .data               bsp_timer.o
    0x20000064   0x00000004   Data   RW          538    .data               bsp_ultrasonic.o
    0x20000068   0x00000014   Data   RW          823    .data               stm32f10x_rcc.o
    0x2000007c   0x00000004   Data   RW         1228    .data               mc_w.l(errno.o)(mc_w.l)
    0x20000080   0x00000118   Zero   RW          107    .bss                usart.o
    0x20000198   0x00000050   Zero   RW          330    .bss                protocol.o
    0x200001e8   0x00000400   Zero   RW            1    STACK               startup_stm32f10x_md.o


==============================================================================

Image component sizes


      Code (inc. data)   RO Data    RW Data    ZI Data      Debug   Object Name

       284         78          0          5          0          0   app_bluetooth.o
       130          0          0          0          0          0   app_buzzer.o
       368          8          0          4          0          0   app_colormode.o
       328          4          0          0          0          0   app_iravoid.o
       100          0          0          0          0          0   app_lightseeking.o
       340          0          0          0          0          0   app_linewalking.o
       416          8          0          0          0          0   app_motor.o
       284          6          0          0          0          0   app_ultrasonic.o
       144         16          0          0          0          0   bsp.o
       336         18          0          0          0          0   bsp_adc.o
        36          6          0          0          0          0   bsp_buzzer.o
       576         18          0          0          0          0   bsp_colorful.o
        36          6          0          0          0          0   bsp_fire.o
       724         18          0          0          0          0   bsp_gpio.o
       148         10          0          0          0          0   bsp_gs.o
        80          6          0          0          0          0   bsp_iravoid.o
        36          8          0          0          0          0   bsp_lightseeking.o
       184         10          0          0          0          0   bsp_linewalking.o
       244          8          0          0          0          0   bsp_motor.o
         0          0          0         24          0          0   bsp_servo.o
       228         20          0          8          0          0   bsp_timer.o
       388         16          0          4          0          0   bsp_ultrasonic.o
       196         16          0          4          0          0   delay.o
        12          0          0          0          0          0   main.o
       248         30          0          0          0          0   misc.o
      1272         98          0          9         80          0   protocol.o
        36          8        236          0       1024          0   startup_stm32f10x_md.o
      1088         36          0          0          0          0   stm32f10x_adc.o
       196         32          0          0          0          0   stm32f10x_bkp.o
       856         40          0          0          0          0   stm32f10x_gpio.o
       216         16          0          0          0          0   stm32f10x_pwr.o
       932         52          0         20          0          0   stm32f10x_rcc.o
      3502         86          0          0          0          0   stm32f10x_tim.o
      1036         20          0          0          0          0   stm32f10x_usart.o
       456         36          0         20          0          0   system_stm32f10x.o
       648         46          0         20        280          0   usart.o

    ----------------------------------------------------------------------
     16108        780        268        124       1384          0   Object Totals
         0          0         32          0          0          0   (incl. Generated)
         4          0          0          6          0          0   (incl. Padding)

    ----------------------------------------------------------------------

      Code (inc. data)   RO Data    RW Data    ZI Data      Debug   Library Member Name

        32          0          0          0          0          0   _chval.o
       156          0          0          0          0          0   _strtoul.o
        26          0          0          0          0          0   atoi.o
         8          4        133          0          0          0   ctype_o.o
         0          0          0          0          0          0   entry.o
         8          4          0          0          0          0   entry2.o
         4          0          0          0          0          0   entry5.o
         8          4          0          0          0          0   entry7.o
         8          4          0          4          0          0   errno.o
        30          0          0          0          0          0   handlers.o
        36          8          0          0          0          0   init.o
         0          0          0          0          0          0   iusefp.o
        30          0          0          0          0          0   llshl.o
        36          0          0          0          0          0   llsshr.o
        32          0          0          0          0          0   llushr.o
        36          0          0          0          0          0   memcpya.o
        38          0          0          0          0          0   memseta.o
      2204         92          0          0          0          0   printfa.o
       112          0          0          0          0          0   strtol.o
        44          0          0          0          0          0   uidiv.o
       102          0          0          0          0          0   uldiv.o
        40          2          0          0          0          0   cdrcmple.o
        56          0          0          0          0          0   d2f.o
       330          0          0          0          0          0   dadd.o
       222          0          0          0          0          0   ddiv.o
       194          0          0          0          0          0   depilogue.o
        48          0          0          0          0          0   dfixul.o
        26          0          0          0          0          0   dfltui.o
       226          0          0          0          0          0   dmul.o
        44          0          0          0          0          0   f2d.o
       176          0          0          0          0          0   fadd.o
       128          0          0          0          0          0   fdiv.o
       112          0          0          0          0          0   fepilogue.o
        50          0          0          0          0          0   ffixi.o
        40          0          0          0          0          0   ffixui.o
        18          0          0          0          0          0   fflti.o
        10          0          0          0          0          0   ffltui.o
       108          0          0          0          0          0   fmul.o

    ----------------------------------------------------------------------
      4784        118        136          4          0          0   Library Totals
         6          0          3          0          0          0   (incl. Padding)

    ----------------------------------------------------------------------

      Code (inc. data)   RO Data    RW Data    ZI Data      Debug   Library Name

      2950        116        133          4          0       1544   mc_w.l
      1828          2          0          0          0       1640   mf_w.l

    ----------------------------------------------------------------------
      4784        118        136          4          0          0   Library Totals

    ----------------------------------------------------------------------

==============================================================================


      Code (inc. data)   RO Data    RW Data    ZI Data      Debug   

     20892        898        404        128       1384     352544   Grand Totals
     20892        898        404        128       1384     352544   ELF Image Totals
     20892        898        404        128          0          0   ROM Totals

==============================================================================

    Total RO  Size (Code + RO Data)                21296 (  20.80kB)
    Total RW  Size (RW Data + ZI Data)              1512 (   1.48kB)
    Total ROM Size (Code + RO Data + RW Data)      21424 (  20.92kB)

==============================================================================

