<html>
<body>
<pre>
<h1>礦ision Build Log</h1>
<h2>Project:</h2>
E:\产品资料\亚博智能 4WD智能小车（STM32）\5.程序源码\5.程序源码 (修改版）\5.程序源码\其他高级实验\14、蓝牙控制小车\code\STM32四驱车运动库函数版本\bluetooth_control.uvproj
Project File Date:  09/19/2017

<h2>Output:</h2>
Build target 'Target 1'
assembling startup_stm32f10x_md.s...
compiling system_stm32f10x.c...
compiling delay.c...
compiling sys.c...
compiling usart.c...
compiling main.c...
compiling app_motor.c...
compiling app_linewalking.c...
compiling app_iravoid.c...
compiling app_lightseeking.c...
compiling app_ultrasonic.c...
compiling app_bluetooth.c...
Source\APP\app_bluetooth.c(89): warning:  #223-D: function "app_IRFollow" declared implicitly
Source\APP\app_bluetooth.c:             case 6: app_IRFollow(); break;                          //跟随模式
Source\APP\app_bluetooth.c:                     ^
Source\APP\app_bluetooth.c: Source\APP\app_bluetooth.c: 1 warning, 0 errors
compiling app_buzzer.c...
compiling app_colormode.c...
compiling protocol.c...
compiling bsp.c...
compiling bsp_gpio.c...
compiling bsp_motor.c...
compiling bsp_servo.c...
compiling bsp_timer.c...
compiling bsp_colorful.c...
compiling bsp_linewalking.c...
compiling bsp_iravoid.c...
compiling bsp_lightseeking.c...
compiling bsp_ultrasonic.c...
compiling bsp_adc.c...
compiling bsp_buzzer.c...
compiling bsp_fire.c...
compiling bsp_gs.c...
compiling misc.c...
compiling stm32f10x_adc.c...
compiling stm32f10x_bkp.c...
compiling stm32f10x_can.c...
compiling stm32f10x_cec.c...
compiling stm32f10x_crc.c...
compiling stm32f10x_dac.c...
compiling stm32f10x_dbgmcu.c...
compiling stm32f10x_dma.c...
compiling stm32f10x_exti.c...
compiling stm32f10x_flash.c...
compiling stm32f10x_fsmc.c...
compiling stm32f10x_gpio.c...
compiling stm32f10x_i2c.c...
compiling stm32f10x_iwdg.c...
compiling stm32f10x_pwr.c...
compiling stm32f10x_rcc.c...
compiling stm32f10x_rtc.c...
compiling stm32f10x_sdio.c...
compiling stm32f10x_spi.c...
compiling stm32f10x_tim.c...
compiling stm32f10x_usart.c...
compiling stm32f10x_wwdg.c...
linking...
Program Size: Code=20692 RO-data=404 RW-data=128 ZI-data=1384  
FromELF: creating hex file...
".\output\TB6612FNG.axf" - 0 Error(s), 1 Warning(s).
compiling main.c...
Source\APP\main.c - 0 Error(s), 0 Warning(s).
Build target 'Target 1'
linking...
Program Size: Code=20692 RO-data=404 RW-data=128 ZI-data=1384  
FromELF: creating hex file...
".\output\TB6612FNG.axf" - 0 Error(s), 0 Warning(s).
Build target 'Target 1'
assembling startup_stm32f10x_md.s...
compiling system_stm32f10x.c...
compiling delay.c...
compiling sys.c...
compiling usart.c...
compiling main.c...
compiling app_motor.c...
compiling app_linewalking.c...
compiling app_iravoid.c...
compiling app_lightseeking.c...
compiling app_ultrasonic.c...
compiling app_bluetooth.c...
Source\APP\app_bluetooth.c(89): warning:  #223-D: function "app_IRFollow" declared implicitly
Source\APP\app_bluetooth.c:             case 6: app_IRFollow(); break;                          //跟随模式
Source\APP\app_bluetooth.c:                     ^
Source\APP\app_bluetooth.c: Source\APP\app_bluetooth.c: 1 warning, 0 errors
compiling app_buzzer.c...
compiling app_colormode.c...
compiling protocol.c...
compiling bsp.c...
compiling bsp_gpio.c...
compiling bsp_motor.c...
compiling bsp_servo.c...
compiling bsp_timer.c...
compiling bsp_colorful.c...
compiling bsp_linewalking.c...
compiling bsp_iravoid.c...
compiling bsp_lightseeking.c...
compiling bsp_ultrasonic.c...
compiling bsp_adc.c...
compiling bsp_buzzer.c...
compiling bsp_fire.c...
compiling bsp_gs.c...
compiling misc.c...
compiling stm32f10x_adc.c...
compiling stm32f10x_bkp.c...
compiling stm32f10x_can.c...
compiling stm32f10x_cec.c...
compiling stm32f10x_crc.c...
compiling stm32f10x_dac.c...
compiling stm32f10x_dbgmcu.c...
compiling stm32f10x_dma.c...
compiling stm32f10x_exti.c...
compiling stm32f10x_flash.c...
compiling stm32f10x_fsmc.c...
compiling stm32f10x_gpio.c...
compiling stm32f10x_i2c.c...
compiling stm32f10x_iwdg.c...
compiling stm32f10x_pwr.c...
compiling stm32f10x_rcc.c...
compiling stm32f10x_rtc.c...
compiling stm32f10x_sdio.c...
compiling stm32f10x_spi.c...
compiling stm32f10x_tim.c...
compiling stm32f10x_usart.c...
compiling stm32f10x_wwdg.c...
linking...
Program Size: Code=20692 RO-data=404 RW-data=128 ZI-data=1384  
FromELF: creating hex file...
".\output\TB6612FNG.axf" - 0 Error(s), 1 Warning(s).
Build target 'Target 1'
assembling startup_stm32f10x_md.s...
compiling system_stm32f10x.c...
compiling delay.c...
compiling sys.c...
compiling usart.c...
compiling main.c...
compiling app_motor.c...
compiling app_linewalking.c...
compiling app_iravoid.c...
compiling app_lightseeking.c...
compiling app_ultrasonic.c...
compiling app_bluetooth.c...
Source\APP\app_bluetooth.c(89): warning:  #223-D: function "app_IRFollow" declared implicitly
Source\APP\app_bluetooth.c:             case 6: app_IRFollow(); break;                          //跟随模式
Source\APP\app_bluetooth.c:                     ^
Source\APP\app_bluetooth.c: Source\APP\app_bluetooth.c: 1 warning, 0 errors
compiling app_buzzer.c...
compiling app_colormode.c...
compiling protocol.c...
compiling bsp.c...
compiling bsp_gpio.c...
compiling bsp_motor.c...
compiling bsp_servo.c...
compiling bsp_timer.c...
compiling bsp_colorful.c...
compiling bsp_linewalking.c...
compiling bsp_iravoid.c...
compiling bsp_lightseeking.c...
compiling bsp_ultrasonic.c...
compiling bsp_adc.c...
compiling bsp_buzzer.c...
compiling bsp_fire.c...
compiling bsp_gs.c...
compiling misc.c...
compiling stm32f10x_adc.c...
compiling stm32f10x_bkp.c...
compiling stm32f10x_can.c...
compiling stm32f10x_cec.c...
compiling stm32f10x_crc.c...
compiling stm32f10x_dac.c...
compiling stm32f10x_dbgmcu.c...
compiling stm32f10x_dma.c...
compiling stm32f10x_exti.c...
compiling stm32f10x_flash.c...
compiling stm32f10x_fsmc.c...
compiling stm32f10x_gpio.c...
compiling stm32f10x_i2c.c...
compiling stm32f10x_iwdg.c...
compiling stm32f10x_pwr.c...
compiling stm32f10x_rcc.c...
compiling stm32f10x_rtc.c...
compiling stm32f10x_sdio.c...
compiling stm32f10x_spi.c...
compiling stm32f10x_tim.c...
compiling stm32f10x_usart.c...
compiling stm32f10x_wwdg.c...
linking...
Program Size: Code=20692 RO-data=404 RW-data=128 ZI-data=1384  
FromELF: creating hex file...
".\output\bluetooth_control.axf" - 0 Error(s), 1 Warning(s).
